Component: ARM Compiler 5.06 update 6 (build 750) Tool: armlink [4d35ed]

==============================================================================

Section Cross References

    startup_stm32f103xb.o(STACK) refers (Special) to heapauxi.o(.text) for __use_two_region_memory
    startup_stm32f103xb.o(HEAP) refers (Special) to heapauxi.o(.text) for __use_two_region_memory
    startup_stm32f103xb.o(RESET) refers (Special) to heapauxi.o(.text) for __use_two_region_memory
    startup_stm32f103xb.o(RESET) refers to startup_stm32f103xb.o(STACK) for __initial_sp
    startup_stm32f103xb.o(RESET) refers to startup_stm32f103xb.o(.text) for Reset_Handler
    startup_stm32f103xb.o(RESET) refers to stm32f1xx_it.o(i.NMI_Handler) for NMI_Handler
    startup_stm32f103xb.o(RESET) refers to stm32f1xx_it.o(i.HardFault_Handler) for HardFault_Handler
    startup_stm32f103xb.o(RESET) refers to stm32f1xx_it.o(i.MemManage_Handler) for MemManage_Handler
    startup_stm32f103xb.o(RESET) refers to stm32f1xx_it.o(i.BusFault_Handler) for BusFault_Handler
    startup_stm32f103xb.o(RESET) refers to stm32f1xx_it.o(i.UsageFault_Handler) for UsageFault_Handler
    startup_stm32f103xb.o(RESET) refers to stm32f1xx_it.o(i.SVC_Handler) for SVC_Handler
    startup_stm32f103xb.o(RESET) refers to stm32f1xx_it.o(i.DebugMon_Handler) for DebugMon_Handler
    startup_stm32f103xb.o(RESET) refers to stm32f1xx_it.o(i.PendSV_Handler) for PendSV_Handler
    startup_stm32f103xb.o(RESET) refers to stm32f1xx_it.o(i.SysTick_Handler) for SysTick_Handler
    startup_stm32f103xb.o(RESET) refers to stm32f1xx_it.o(i.USART1_IRQHandler) for USART1_IRQHandler
    startup_stm32f103xb.o(.text) refers (Special) to heapauxi.o(.text) for __use_two_region_memory
    startup_stm32f103xb.o(.text) refers to system_stm32f1xx.o(i.SystemInit) for SystemInit
    startup_stm32f103xb.o(.text) refers to __main.o(!!!main) for __main
    startup_stm32f103xb.o(.text) refers to startup_stm32f103xb.o(HEAP) for Heap_Mem
    startup_stm32f103xb.o(.text) refers to startup_stm32f103xb.o(STACK) for Stack_Mem
    dwt_delay.o(i.DWT_Delay) refers to system_stm32f1xx.o(.data) for SystemCoreClock
    lcd1602.o(i.lcd_clear) refers to lcd1602.o(i.lcd_send_cmd) for lcd_send_cmd
    lcd1602.o(i.lcd_clear) refers to stm32f1xx_hal.o(i.HAL_Delay) for HAL_Delay
    lcd1602.o(i.lcd_init) refers to stm32f1xx_hal.o(i.HAL_Delay) for HAL_Delay
    lcd1602.o(i.lcd_init) refers to lcd1602.o(i.lcd_send_cmd) for lcd_send_cmd
    lcd1602.o(i.lcd_put_cur) refers to lcd1602.o(i.lcd_send_cmd) for lcd_send_cmd
    lcd1602.o(i.lcd_send_cmd) refers to lcd1602.o(i.send_to_lcd) for send_to_lcd
    lcd1602.o(i.lcd_send_data) refers to lcd1602.o(i.send_to_lcd) for send_to_lcd
    lcd1602.o(i.lcd_send_string) refers to lcd1602.o(i.lcd_send_data) for lcd_send_data
    lcd1602.o(i.send_to_lcd) refers to stm32f1xx_hal_gpio.o(i.HAL_GPIO_WritePin) for HAL_GPIO_WritePin
    lcd1602.o(i.send_to_lcd) refers to dwt_delay.o(i.DWT_Delay) for DWT_Delay
    sim808.o(i.SIM808_SendATCommand) refers to strlen.o(.text) for strlen
    sim808.o(i.SIM808_SendATCommand) refers to stm32f1xx_hal_uart.o(i.HAL_UART_Transmit) for HAL_UART_Transmit
    sim808.o(i.SIM808_SendSMS) refers to _printf_percent.o(.ARM.Collect$$_printf_percent$$00000000) for _printf_percent
    sim808.o(i.SIM808_SendSMS) refers to _printf_s.o(.ARM.Collect$$_printf_percent$$00000014) for _printf_s
    sim808.o(i.SIM808_SendSMS) refers to _printf_str.o(.text) for _printf_str
    sim808.o(i.SIM808_SendSMS) refers to sim808.o(i.SIM808_SendATCommand) for SIM808_SendATCommand
    sim808.o(i.SIM808_SendSMS) refers to stm32f1xx_hal.o(i.HAL_Delay) for HAL_Delay
    sim808.o(i.SIM808_SendSMS) refers to noretval__2sprintf.o(.text) for __2sprintf
    sim808.o(i.SIM808_SendSMS) refers to strlen.o(.text) for strlen
    sim808.o(i.SIM808_SendSMS) refers to stm32f1xx_hal_uart.o(i.HAL_UART_Transmit) for HAL_UART_Transmit
    main.o(i.DHT11_Check_Response) refers to main.o(i.delay) for delay
    main.o(i.DHT11_Check_Response) refers to stm32f1xx_hal_gpio.o(i.HAL_GPIO_ReadPin) for HAL_GPIO_ReadPin
    main.o(i.DHT11_Read) refers to stm32f1xx_hal_gpio.o(i.HAL_GPIO_ReadPin) for HAL_GPIO_ReadPin
    main.o(i.DHT11_Read) refers to main.o(i.delay) for delay
    main.o(i.DHT11_Start) refers to main.o(i.Set_Pin_Output) for Set_Pin_Output
    main.o(i.DHT11_Start) refers to stm32f1xx_hal_gpio.o(i.HAL_GPIO_WritePin) for HAL_GPIO_WritePin
    main.o(i.DHT11_Start) refers to main.o(i.delay) for delay
    main.o(i.DHT11_Start) refers to main.o(i.Set_Pin_Input) for Set_Pin_Input
    main.o(i.DHT22_Check_Response) refers to main.o(i.Set_Pin_Input) for Set_Pin_Input
    main.o(i.DHT22_Check_Response) refers to main.o(i.delay) for delay
    main.o(i.DHT22_Check_Response) refers to stm32f1xx_hal_gpio.o(i.HAL_GPIO_ReadPin) for HAL_GPIO_ReadPin
    main.o(i.DHT22_Read) refers to stm32f1xx_hal_gpio.o(i.HAL_GPIO_ReadPin) for HAL_GPIO_ReadPin
[...]
    ../fplib/dflt.s                          0x00000000   Number         0  dflt_clz.o ABSOLUTE
    ../fplib/dmul.s                          0x00000000   Number         0  dmul.o ABSOLUTE
    ../fplib/dnaninf.s                       0x00000000   Number         0  dnaninf.o ABSOLUTE
    ../fplib/dretinf.s                       0x00000000   Number         0  dretinf.o ABSOLUTE
    ../fplib/f2d.s                           0x00000000   Number         0  f2d.o ABSOLUTE
    ../fplib/fflt.s                          0x00000000   Number         0  fflt_clz.o ABSOLUTE
    ../fplib/fnaninf.s                       0x00000000   Number         0  fnaninf.o ABSOLUTE
    ../fplib/fpinit.s                        0x00000000   Number         0  fpinit.o ABSOLUTE
    ../fplib/fretinf.s                       0x00000000   Number         0  fretinf.o ABSOLUTE
    ../fplib/istatus.s                       0x00000000   Number         0  istatus.o ABSOLUTE
    ../fplib/printf1.s                       0x00000000   Number         0  printf1.o ABSOLUTE
    ../fplib/usenofp.s                       0x00000000   Number         0  usenofp.o ABSOLUTE
    ../mathlib/fpclassify.c                  0x00000000   Number         0  fpclassify.o ABSOLUTE
    ..\Core\Src\LCD1602.c                    0x00000000   Number         0  lcd1602.o ABSOLUTE
    ..\Core\Src\dwt_delay.c                  0x00000000   Number         0  dwt_delay.o ABSOLUTE
    ..\Core\Src\main.c                       0x00000000   Number         0  main.o ABSOLUTE
    ..\Core\Src\sim808.c                     0x00000000   Number         0  sim808.o ABSOLUTE
    ..\Core\Src\stm32f1xx_hal_msp.c          0x00000000   Number         0  stm32f1xx_hal_msp.o ABSOLUTE
    ..\Core\Src\stm32f1xx_it.c               0x00000000   Number         0  stm32f1xx_it.o ABSOLUTE
    ..\Core\Src\system_stm32f1xx.c           0x00000000   Number         0  system_stm32f1xx.o ABSOLUTE
    ..\Drivers\STM32F1xx_HAL_Driver\Src\stm32f1xx_hal.c 0x00000000   Number         0  stm32f1xx_hal.o ABSOLUTE
    ..\Drivers\STM32F1xx_HAL_Driver\Src\stm32f1xx_hal_adc.c 0x00000000   Number         0  stm32f1xx_hal_adc.o ABSOLUTE
    ..\Drivers\STM32F1xx_HAL_Driver\Src\stm32f1xx_hal_adc_ex.c 0x00000000   Number         0  stm32f1xx_hal_adc_ex.o ABSOLUTE
    ..\Drivers\STM32F1xx_HAL_Driver\Src\stm32f1xx_hal_cortex.c 0x00000000   Number         0  stm32f1xx_hal_cortex.o ABSOLUTE
    ..\Drivers\STM32F1xx_HAL_Driver\Src\stm32f1xx_hal_dma.c 0x00000000   Number         0  stm32f1xx_hal_dma.o ABSOLUTE
    ..\Drivers\STM32F1xx_HAL_Driver\Src\stm32f1xx_hal_exti.c 0x00000000   Number         0  stm32f1xx_hal_exti.o ABSOLUTE
    ..\Drivers\STM32F1xx_HAL_Driver\Src\stm32f1xx_hal_flash.c 0x00000000   Number         0  stm32f1xx_hal_flash.o ABSOLUTE
    ..\Drivers\STM32F1xx_HAL_Driver\Src\stm32f1xx_hal_flash_ex.c 0x00000000   Number         0  stm32f1xx_hal_flash_ex.o ABSOLUTE
    ..\Drivers\STM32F1xx_HAL_Driver\Src\stm32f1xx_hal_gpio.c 0x00000000   Number         0  stm32f1xx_hal_gpio.o ABSOLUTE
    ..\Drivers\STM32F1xx_HAL_Driver\Src\stm32f1xx_hal_gpio_ex.c 0x00000000   Number         0  stm32f1xx_hal_gpio_ex.o ABSOLUTE
    ..\Drivers\STM32F1xx_HAL_Driver\Src\stm32f1xx_hal_pwr.c 0x00000000   Number         0  stm32f1xx_hal_pwr.o ABSOLUTE
    ..\Drivers\STM32F1xx_HAL_Driver\Src\stm32f1xx_hal_rcc.c 0x00000000   Number         0  stm32f1xx_hal_rcc.o ABSOLUTE
    ..\Drivers\STM32F1xx_HAL_Driver\Src\stm32f1xx_hal_rcc_ex.c 0x00000000   Number         0  stm32f1xx_hal_rcc_ex.o ABSOLUTE
    ..\Drivers\STM32F1xx_HAL_Driver\Src\stm32f1xx_hal_tim.c 0x00000000   Number         0  stm32f1xx_hal_tim.o ABSOLUTE
    ..\Drivers\STM32F1xx_HAL_Driver\Src\stm32f1xx_hal_tim_ex.c 0x00000000   Number         0  stm32f1xx_hal_tim_ex.o ABSOLUTE
    ..\Drivers\STM32F1xx_HAL_Driver\Src\stm32f1xx_hal_uart.c 0x00000000   Number         0  stm32f1xx_hal_uart.o ABSOLUTE
    ..\\Core\\Src\\LCD1602.c                 0x00000000   Number         0  lcd1602.o ABSOLUTE
    ..\\Core\\Src\\dwt_delay.c               0x00000000   Number         0  dwt_delay.o ABSOLUTE
    ..\\Core\\Src\\sim808.c                  0x00000000   Number         0  sim808.o ABSOLUTE
    dc.s                                     0x00000000   Number         0  dc.o ABSOLUTE
    startup_stm32f103xb.s                    0x00000000   Number         0  startup_stm32f103xb.o ABSOLUTE
    RESET                                    0x08000000   Section      236  startup_stm32f103xb.o(RESET)
    !!!main                                  0x080000ec   Section        8  __main.o(!!!main)
    !!!scatter                               0x080000f4   Section       52  __scatter.o(!!!scatter)
    !!handler_copy                           0x08000128   Section       26  __scatter_copy.o(!!handler_copy)
    !!handler_zi                             0x08000144   Section       28  __scatter_zi.o(!!handler_zi)
    .ARM.Collect$$_printf_percent$$00000000  0x08000160   Section        0  _printf_percent.o(.ARM.Collect$$_printf_percent$$00000000)
    .ARM.Collect$$_printf_percent$$00000003  0x08000160   Section        6  _printf_f.o(.ARM.Collect$$_printf_percent$$00000003)
    .ARM.Collect$$_printf_percent$$00000014  0x08000166   Section        6  _printf_s.o(.ARM.Collect$$_printf_percent$$00000014)
    .ARM.Collect$$_printf_percent$$00000017  0x0800016c   Section        4  _printf_percent_end.o(.ARM.Collect$$_printf_percent$$00000017)
    .ARM.Collect$$libinit$$00000000          0x08000170   Section        2  libinit.o(.ARM.Collect$$libinit$$00000000)
    .ARM.Collect$$libinit$$00000002          0x08000172   Section        0  libinit2.o(.ARM.Collect$$libinit$$00000002)
    .ARM.Collect$$libinit$$00000004          0x08000172   Section        0  libinit2.o(.ARM.Collect$$libinit$$00000004)
    .ARM.Collect$$libinit$$0000000A          0x08000172   Section        0  libinit2.o(.ARM.Collect$$libinit$$0000000A)
    .ARM.Collect$$libinit$$0000000C          0x08000172   Section        0  libinit2.o(.ARM.Collect$$libinit$$0000000C)
    .ARM.Collect$$libinit$$0000000E          0x08000172   Section        0  libinit2.o(.ARM.Collect$$libinit$$0000000E)
    .ARM.Collect$$libinit$$0000000F          0x08000172   Section        6  libinit2.o(.ARM.Collect$$libinit$$0000000F)
    .ARM.Collect$$libinit$$00000011          0x08000178   Section        0  libinit2.o(.ARM.Collect$$libinit$$00000011)
    .ARM.Collect$$libinit$$00000013          0x08000178   Section        0  libinit2.o(.ARM.Collect$$libinit$$00000013)
    .ARM.Collect$$libinit$$00000015          0x08000178   Section        0  libinit2.o(.ARM.Collect$$libinit$$00000015)
    .ARM.Collect$$libinit$$00000016          0x08000178   Section       10  libinit2.o(.ARM.Collect$$libinit$$00000016)
    .ARM.Collect$$libinit$$00000017          0x08000182   Section        0  libinit2.o(.ARM.Collect$$libinit$$00000017)
    .ARM.Collect$$libinit$$00000019          0x08000182   Section        0  libinit2.o(.ARM.Collect$$libinit$$00000019)
    .ARM.Collect$$libinit$$0000001B          0x08000182   Section        0  libinit2.o(.ARM.Collect$$libinit$$0000001B)
    .ARM.Collect$$libinit$$0000001D          0x08000182   Section        0  libinit2.o(.ARM.Collect$$libinit$$0000001D)
    .ARM.Collect$$libinit$$0000001F          0x08000182   Section        0  libinit2.o(.ARM.Collect$$libinit$$0000001F)
    .ARM.Collect$$libinit$$00000021          0x08000182   Section        0  libinit2.o(.ARM.Collect$$libinit$$00000021)
    .ARM.Collect$$libinit$$00000023          0x08000182   Section        0  libinit2.o(.ARM.Collect$$libinit$$00000023)
    .ARM.Collect$$libinit$$00000025          0x08000182   Section        0  libinit2.o(.ARM.Collect$$libinit$$00000025)
    .ARM.Collect$$libinit$$0000002C          0x08000182   Section        0  libinit2.o(.ARM.Collect$$libinit$$0000002C)
    .ARM.Collect$$libinit$$0000002E          0x08000182   Section        0  libinit2.o(.ARM.Collect$$libinit$$0000002E)
    .ARM.Collect$$libinit$$00000030          0x08000182   Section        0  libinit2.o(.ARM.Collect$$libinit$$00000030)
    .ARM.Collect$$libinit$$00000032          0x08000182   Section        0  libinit2.o(.ARM.Collect$$libinit$$00000032)
    .ARM.Collect$$libinit$$00000033          0x08000182   Section        2  libinit2.o(.ARM.Collect$$libinit$$00000033)
    .ARM.Collect$$libshutdown$$00000000      0x08000184   Section        2  libshutdown.o(.ARM.Collect$$libshutdown$$00000000)
    .ARM.Collect$$libshutdown$$00000002      0x08000186   Section        0  libshutdown2.o(.ARM.Collect$$libshutdown$$00000002)
    .ARM.Collect$$libshutdown$$00000004      0x08000186   Section        0  libshutdown2.o(.ARM.Collect$$libshutdown$$00000004)
    .ARM.Collect$$libshutdown$$00000007      0x08000186   Section        0  libshutdown2.o(.ARM.Collect$$libshutdown$$00000007)
    .ARM.Collect$$libshutdown$$0000000A      0x08000186   Section        0  libshutdown2.o(.ARM.Collect$$libshutdown$$0000000A)
    .ARM.Collect$$libshutdown$$0000000C      0x08000186   Section        0  libshutdown2.o(.ARM.Collect$$libshutdown$$0000000C)
    .ARM.Collect$$libshutdown$$0000000F      0x08000186   Section        0  libshutdown2.o(.ARM.Collect$$libshutdown$$0000000F)
    .ARM.Collect$$libshutdown$$00000010      0x08000186   Section        2  libshutdown2.o(.ARM.Collect$$libshutdown$$00000010)
    .ARM.Collect$$rtentry$$00000000          0x08000188   Section        0  __rtentry.o(.ARM.Collect$$rtentry$$00000000)
    .ARM.Collect$$rtentry$$00000002          0x08000188   Section        0  __rtentry2.o(.ARM.Collect$$rtentry$$00000002)
    .ARM.Collect$$rtentry$$00000004          0x08000188   Section        6  __rtentry4.o(.ARM.Collect$$rtentry$$00000004)
    .ARM.Collect$$rtentry$$00000009          0x0800018e   Section        0  __rtentry2.o(.ARM.Collect$$rtentry$$00000009)
    .ARM.Collect$$rtentry$$0000000A          0x0800018e   Section        4  __rtentry2.o(.ARM.Collect$$rtentry$$0000000A)
    .ARM.Collect$$rtentry$$0000000C          0x08000192   Section        0  __rtentry2.o(.ARM.Collect$$rtentry$$0000000C)
    .ARM.Collect$$rtentry$$0000000D          0x08000192   Section        8  __rtentry2.o(.ARM.Collect$$rtentry$$0000000D)
    .ARM.Collect$$rtexit$$00000000           0x0800019a   Section        2  rtexit.o(.ARM.Collect$$rtexit$$00000000)
    .ARM.Collect$$rtexit$$00000002           0x0800019c   Section        0  rtexit2.o(.ARM.Collect$$rtexit$$00000002)
    .ARM.Collect$$rtexit$$00000003           0x0800019c   Section        4  rtexit2.o(.ARM.Collect$$rtexit$$00000003)
    .ARM.Collect$$rtexit$$00000004           0x080001a0   Section        6  rtexit2.o(.ARM.Collect$$rtexit$$00000004)
    .text                                    0x080001a8   Section       64  startup_stm32f103xb.o(.text)
    .text                                    0x080001e8   Section        0  noretval__2sprintf.o(.text)
    .text                                    0x08000210   Section        0  _printf_str.o(.text)
    .text                                    0x08000262   Section        0  __printf_wp.o(.text)
    .text                                    0x08000370   Section        0  strlen.o(.text)
    .text                                    0x080003ae   Section       78  rt_memclr_w.o(.text)
    .text                                    0x080003fc   Section        0  heapauxi.o(.text)
    .text                                    0x08000402   Section        0  _printf_fp_dec.o(.text)
    _fp_digits                               0x08000405   Thumb Code   432  _printf_fp_dec.o(.text)
    .text                                    0x08000820   Section        0  _printf_char_common.o(.text)
    _printf_input_char                       0x08000821   Thumb Code    10  _printf_char_common.o(.text)
    .text                                    0x08000850   Section        0  _sputc.o(.text)
    .text                                    0x0800085a   Section        0  _printf_char.o(.text)
    .text                                    0x08000888   Section        8  rt_locale_intlibspace.o(.text)
    .text                                    0x08000890   Section      138  lludiv10.o(.text)
    .text                                    0x0800091c   Section        0  _printf_fp_infnan.o(.text)
    .text                                    0x0800099c   Section        0  bigflt0.o(.text)
    .text                                    0x08000a80   Section        8  libspace.o(.text)
    .text                                    0x08000a88   Section       74  sys_stackheap_outer.o(.text)
    .text                                    0x08000ad2   Section        0  exit.o(.text)
    .text                                    0x08000ae4   Section      128  strcmpv7m.o(.text)
    .text                                    0x08000b64   Section        0  sys_exit.o(.text)
    .text                                    0x08000b70   Section        2  use_no_semi.o(.text)
    .text                                    0x08000b72   Section        0  indicate_semi.o(.text)
    CL$$btod_d2e                             0x08000b72   Section       62  btod.o(CL$$btod_d2e)
    CL$$btod_d2e_denorm_low                  0x08000bb0   Section       70  btod.o(CL$$btod_d2e_denorm_low)
    CL$$btod_d2e_norm_op1                    0x08000bf6   Section       96  btod.o(CL$$btod_d2e_norm_op1)
    CL$$btod_div_common                      0x08000c56   Section      824  btod.o(CL$$btod_div_common)
    CL$$btod_e2e                             0x08000f8e   Section      220  btod.o(CL$$btod_e2e)
    CL$$btod_ediv                            0x0800106a   Section       42  btod.o(CL$$btod_ediv)
    CL$$btod_emul                            0x08001094   Section       42  btod.o(CL$$btod_emul)
    CL$$btod_mult_common                     0x080010be   Section      580  btod.o(CL$$btod_mult_common)
    i.ADC_ConversionStop_Disable             0x08001304   Section        0  stm32f1xx_hal_adc.o(i.ADC_ConversionStop_Disable)
    i.ADC_Enable                             0x0800135c   Section        0  stm32f1xx_hal_adc.o(i.ADC_Enable)
    i.BusFault_Handler                       0x080013d8   Section        0  stm32f1xx_it.o(i.BusFault_Handler)
    i.DHT11_Check_Response                   0x080013dc   Section        0  main.o(i.DHT11_Check_Response)
    i.DHT11_Read                             0x08001420   Section        0  main.o(i.DHT11_Read)
    i.DHT11_Start                            0x0800147c   Section        0  main.o(i.DHT11_Start)
    i.DWT_Delay                              0x080014c0   Section        0  dwt_delay.o(i.DWT_Delay)
    i.DWT_Init                               0x080014e8   Section        0  dwt_delay.o(i.DWT_Init)
    i.DebugMon_Handler                       0x08001510   Section        0  stm32f1xx_it.o(i.DebugMon_Handler)
    i.HAL_ADC_ConfigChannel                  0x08001514   Section        0  stm32f1xx_hal_adc.o(i.HAL_ADC_ConfigChannel)
    i.HAL_ADC_GetValue                       0x08001610   Section        0  stm32f1xx_hal_adc.o(i.HAL_ADC_GetValue)
    i.HAL_ADC_Init                           0x08001618   Section        0  stm32f1xx_hal_adc.o(i.HAL_ADC_Init)
    i.HAL_ADC_MspInit                        0x08001734   Section        0  stm32f1xx_hal_msp.o(i.HAL_ADC_MspInit)
    i.HAL_ADC_PollForConversion              0x0800178c   Section        0  stm32f1xx_hal_adc.o(i.HAL_ADC_PollForConversion)
    i.HAL_ADC_Start                          0x080018c8   Section        0  stm32f1xx_hal_adc.o(i.HAL_ADC_Start)
    i.HAL_ADC_Stop                           0x08001988   Section        0  stm32f1xx_hal_adc.o(i.HAL_ADC_Stop)
    i.HAL_DMA_Abort                          0x080019bc   Section        0  stm32f1xx_hal_dma.o(i.HAL_DMA_Abort)
    i.HAL_DMA_Abort_IT                       0x08001a04   Section        0  stm32f1xx_hal_dma.o(i.HAL_DMA_Abort_IT)
    i.HAL_Delay                              0x08001a9c   Section        0  stm32f1xx_hal.o(i.HAL_Delay)
    i.HAL_GPIO_Init                          0x08001ac0   Section        0  stm32f1xx_hal_gpio.o(i.HAL_GPIO_Init)
    i.HAL_GPIO_ReadPin                       0x08001ca0   Section        0  stm32f1xx_hal_gpio.o(i.HAL_GPIO_ReadPin)
    i.HAL_GPIO_TogglePin                     0x08001caa   Section        0  stm32f1xx_hal_gpio.o(i.HAL_GPIO_TogglePin)
    i.HAL_GPIO_WritePin                      0x08001cba   Section        0  stm32f1xx_hal_gpio.o(i.HAL_GPIO_WritePin)
    i.HAL_GetTick                            0x08001cc4   Section        0  stm32f1xx_hal.o(i.HAL_GetTick)
    i.HAL_IncTick                            0x08001cd0   Section        0  stm32f1xx_hal.o(i.HAL_IncTick)
    i.HAL_Init                               0x08001ce0   Section        0  stm32f1xx_hal.o(i.HAL_Init)
    i.HAL_InitTick                           0x08001d04   Section        0  stm32f1xx_hal.o(i.HAL_InitTick)
    i.HAL_MspInit                            0x08001d44   Section        0  stm32f1xx_hal_msp.o(i.HAL_MspInit)
    i.HAL_NVIC_EnableIRQ                     0x08001d80   Section        0  stm32f1xx_hal_cortex.o(i.HAL_NVIC_EnableIRQ)
    i.HAL_NVIC_SetPriority                   0x08001d9c   Section        0  stm32f1xx_hal_cortex.o(i.HAL_NVIC_SetPriority)
    i.HAL_NVIC_SetPriorityGrouping           0x08001ddc   Section        0  stm32f1xx_hal_cortex.o(i.HAL_NVIC_SetPriorityGrouping)
    i.HAL_RCCEx_GetPeriphCLKFreq             0x08001e00   Section        0  stm32f1xx_hal_rcc_ex.o(i.HAL_RCCEx_GetPeriphCLKFreq)
    i.HAL_RCCEx_PeriphCLKConfig              0x08001ea4   Section        0  stm32f1xx_hal_rcc_ex.o(i.HAL_RCCEx_PeriphCLKConfig)
    i.HAL_RCC_ClockConfig                    0x08001f90   Section        0  stm32f1xx_hal_rcc.o(i.HAL_RCC_ClockConfig)
    i.HAL_RCC_GetPCLK1Freq                   0x080020bc   Section        0  stm32f1xx_hal_rcc.o(i.HAL_RCC_GetPCLK1Freq)
    i.HAL_RCC_GetPCLK2Freq                   0x080020dc   Section        0  stm32f1xx_hal_rcc.o(i.HAL_RCC_GetPCLK2Freq)
    i.HAL_RCC_GetSysClockFreq                0x080020fc   Section        0  stm32f1xx_hal_rcc.o(i.HAL_RCC_GetSysClockFreq)
    i.HAL_RCC_OscConfig                      0x08002148   Section        0  stm32f1xx_hal_rcc.o(i.HAL_RCC_OscConfig)
    i.HAL_SYSTICK_Config                     0x08002468   Section        0  stm32f1xx_hal_cortex.o(i.HAL_SYSTICK_Config)
    i.HAL_TIMEx_MasterConfigSynchronization  0x08002490   Section        0  stm32f1xx_hal_tim_ex.o(i.HAL_TIMEx_MasterConfigSynchronization)
    i.HAL_TIM_Base_Init                      0x080024f8   Section        0  stm32f1xx_hal_tim.o(i.HAL_TIM_Base_Init)
    i.HAL_TIM_Base_MspInit                   0x08002554   Section        0  stm32f1xx_hal_msp.o(i.HAL_TIM_Base_MspInit)
    i.HAL_TIM_Base_Start                     0x0800257c   Section        0  stm32f1xx_hal_tim.o(i.HAL_TIM_Base_Start)
    i.HAL_TIM_ConfigClockSource              0x080025cc   Section        0  stm32f1xx_hal_tim.o(i.HAL_TIM_ConfigClockSource)
    i.HAL_UARTEx_RxEventCallback             0x080026a8   Section        0  stm32f1xx_hal_uart.o(i.HAL_UARTEx_RxEventCallback)
    i.HAL_UART_ErrorCallback                 0x080026aa   Section        0  stm32f1xx_hal_uart.o(i.HAL_UART_ErrorCallback)
    i.HAL_UART_IRQHandler                    0x080026ac   Section        0  stm32f1xx_hal_uart.o(i.HAL_UART_IRQHandler)
    i.HAL_UART_Init                          0x08002918   Section        0  stm32f1xx_hal_uart.o(i.HAL_UART_Init)
    i.HAL_UART_MspInit                       0x0800297c   Section        0  stm32f1xx_hal_msp.o(i.HAL_UART_MspInit)
    i.HAL_UART_RxCpltCallback                0x080029fc   Section        0  stm32f1xx_hal_uart.o(i.HAL_UART_RxCpltCallback)
    i.HAL_UART_Transmit                      0x080029fe   Section        0  stm32f1xx_hal_uart.o(i.HAL_UART_Transmit)
    i.HAL_UART_TxCpltCallback                0x08002a98   Section        0  stm32f1xx_hal_uart.o(i.HAL_UART_TxCpltCallback)
    i.HardFault_Handler                      0x08002a9a   Section        0  stm32f1xx_it.o(i.HardFault_Handler)
    i.MX_ADC1_Init                           0x08002a9c   Section        0  main.o(i.MX_ADC1_Init)
    MX_ADC1_Init                             0x08002a9d   Thumb Code    70  main.o(i.MX_ADC1_Init)
    i.MX_GPIO_Init                           0x08002aec   Section        0  main.o(i.MX_GPIO_Init)
    MX_GPIO_Init                             0x08002aed   Thumb Code   210  main.o(i.MX_GPIO_Init)
    i.MX_TIM3_Init                           0x08002bd0   Section        0  main.o(i.MX_TIM3_Init)
    MX_TIM3_Init                             0x08002bd1   Thumb Code    94  main.o(i.MX_TIM3_Init)
    i.MemManage_Handler                      0x08002c38   Section        0  stm32f1xx_it.o(i.MemManage_Handler)
    i.NMI_Handler                            0x08002c3a   Section        0  stm32f1xx_it.o(i.NMI_Handler)
    i.PendSV_Handler                         0x08002c3c   Section        0  stm32f1xx_it.o(i.PendSV_Handler)
    i.SIM808_SendATCommand                   0x08002c3e   Section        0  sim808.o(i.SIM808_SendATCommand)
    SIM808_SendATCommand                     0x08002c3f   Thumb Code    30  sim808.o(i.SIM808_SendATCommand)
    i.SIM808_SendSMS                         0x08002c5c   Section        0  sim808.o(i.SIM808_SendSMS)
    i.SVC_Handler                            0x08002cd8   Section        0  stm32f1xx_it.o(i.SVC_Handler)
    i.Set_Pin_Input                          0x08002cda   Section        0  main.o(i.Set_Pin_Input)
    i.Set_Pin_Output                         0x08002cf0   Section        0  main.o(i.Set_Pin_Output)
    i.SysTick_Handler                        0x08002d08   Section        0  stm32f1xx_it.o(i.SysTick_Handler)
    i.SystemClock_Config                     0x08002d0c   Section        0  main.o(i.SystemClock_Config)
    i.SystemInit                             0x08002d84   Section        0  system_stm32f1xx.o(i.SystemInit)
    i.TIM_Base_SetConfig                     0x08002d88   Section        0  stm32f1xx_hal_tim.o(i.TIM_Base_SetConfig)
    i.TIM_ETR_SetConfig                      0x08002df4   Section        0  stm32f1xx_hal_tim.o(i.TIM_ETR_SetConfig)
    i.TIM_ITRx_SetConfig                     0x08002e08   Section        0  stm32f1xx_hal_tim.o(i.TIM_ITRx_SetConfig)
    TIM_ITRx_SetConfig                       0x08002e09   Thumb Code    16  stm32f1xx_hal_tim.o(i.TIM_ITRx_SetConfig)
    i.TIM_TI1_ConfigInputStage               0x08002e18   Section        0  stm32f1xx_hal_tim.o(i.TIM_TI1_ConfigInputStage)
    TIM_TI1_ConfigInputStage                 0x08002e19   Thumb Code    34  stm32f1xx_hal_tim.o(i.TIM_TI1_ConfigInputStage)
    i.TIM_TI2_ConfigInputStage               0x08002e3a   Section        0  stm32f1xx_hal_tim.o(i.TIM_TI2_ConfigInputStage)
    TIM_TI2_ConfigInputStage                 0x08002e3b   Thumb Code    36  stm32f1xx_hal_tim.o(i.TIM_TI2_ConfigInputStage)
    i.UART_DMAAbortOnError                   0x08002e5e   Section        0  stm32f1xx_hal_uart.o(i.UART_DMAAbortOnError)
    UART_DMAAbortOnError                     0x08002e5f   Thumb Code    16  stm32f1xx_hal_uart.o(i.UART_DMAAbortOnError)
    i.UART_EndRxTransfer                     0x08002e6e   Section        0  stm32f1xx_hal_uart.o(i.UART_EndRxTransfer)
    UART_EndRxTransfer                       0x08002e6f   Thumb Code    78  stm32f1xx_hal_uart.o(i.UART_EndRxTransfer)
    i.UART_Receive_IT                        0x08002ebc   Section        0  stm32f1xx_hal_uart.o(i.UART_Receive_IT)
    UART_Receive_IT                          0x08002ebd   Thumb Code   194  stm32f1xx_hal_uart.o(i.UART_Receive_IT)
    i.UART_SetConfig                         0x08002f80   Section        0  stm32f1xx_hal_uart.o(i.UART_SetConfig)
    UART_SetConfig                           0x08002f81   Thumb Code   178  stm32f1xx_hal_uart.o(i.UART_SetConfig)
    i.UART_WaitOnFlagUntilTimeout            0x08003038   Section        0  stm32f1xx_hal_uart.o(i.UART_WaitOnFlagUntilTimeout)
    UART_WaitOnFlagUntilTimeout              0x08003039   Thumb Code   120  stm32f1xx_hal_uart.o(i.UART_WaitOnFlagUntilTimeout)
    i.USART1_IRQHandler                      0x080030b0   Section        0  stm32f1xx_it.o(i.USART1_IRQHandler)
    i.UsageFault_Handler                     0x080030bc   Section        0  stm32f1xx_it.o(i.UsageFault_Handler)
    i.__ARM_fpclassify                       0x080030be   Section        0  fpclassify.o(i.__ARM_fpclassify)
    i.__NVIC_SetPriority                     0x080030e6   Section        0  stm32f1xx_hal_cortex.o(i.__NVIC_SetPriority)
    __NVIC_SetPriority                       0x080030e7   Thumb Code    32  stm32f1xx_hal_cortex.o(i.__NVIC_SetPriority)
    i.__NVIC_SystemReset                     0x08003108   Section        0  main.o(i.__NVIC_SystemReset)
    __NVIC_SystemReset                       0x08003109   Thumb Code    26  main.o(i.__NVIC_SystemReset)
    i._is_digit                              0x0800312c   Section        0  __printf_wp.o(i._is_digit)
    i.beep                                   0x0800313c   Section        0  main.o(i.beep)
    i.delay                                  0x0800317c   Section        0  main.o(i.delay)
    i.lcd_clear                              0x08003194   Section        0  lcd1602.o(i.lcd_clear)
    i.lcd_init                               0x080031a6   Section        0  lcd1602.o(i.lcd_init)
    i.lcd_put_cur                            0x0800321e   Section        0  lcd1602.o(i.lcd_put_cur)
    i.lcd_send_cmd                           0x08003236   Section        0  lcd1602.o(i.lcd_send_cmd)
    i.lcd_send_data                          0x08003250   Section        0  lcd1602.o(i.lcd_send_data)
    i.lcd_send_string                        0x0800326a   Section        0  lcd1602.o(i.lcd_send_string)
    i.main                                   0x08003280   Section        0  main.o(i.main)
    i.send_to_lcd                            0x08003610   Section        0  lcd1602.o(i.send_to_lcd)
    locale$$code                             0x0800367c   Section       44  lc_numeric_c.o(locale$$code)
    x$fpl$d2f                                0x080036a8   Section       98  d2f.o(x$fpl$d2f)
    x$fpl$ddiv                               0x0800370c   Section      688  ddiv.o(x$fpl$ddiv)
    ddiv_entry                               0x08003713   Thumb Code     0  ddiv.o(x$fpl$ddiv)
    x$fpl$dfltu                              0x080039bc   Section       38  dflt_clz.o(x$fpl$dfltu)
    x$fpl$dmul                               0x080039e4   Section      340  dmul.o(x$fpl$dmul)
    x$fpl$dnaninf                            0x08003b38   Section      156  dnaninf.o(x$fpl$dnaninf)
    x$fpl$dretinf                            0x08003bd4   Section       12  dretinf.o(x$fpl$dretinf)
    x$fpl$f2d                                0x08003be0   Section       86  f2d.o(x$fpl$f2d)
    x$fpl$ffltu                              0x08003c38   Section       38  fflt_clz.o(x$fpl$ffltu)
    x$fpl$fnaninf                            0x08003c5e   Section      140  fnaninf.o(x$fpl$fnaninf)
    x$fpl$fretinf                            0x08003cea   Section       10  fretinf.o(x$fpl$fretinf)
    x$fpl$printf1                            0x08003cf4   Section        4  printf1.o(x$fpl$printf1)
    .constdata                               0x08003cf8   Section       18  stm32f1xx_hal_rcc.o(.constdata)
    x$fpl$usenofp                            0x08003cf8   Section        0  usenofp.o(x$fpl$usenofp)
    aPredivFactorTable                       0x08003cf8   Data           2  stm32f1xx_hal_rcc.o(.constdata)
    aPLLMULFactorTable                       0x08003cfa   Data          16  stm32f1xx_hal_rcc.o(.constdata)
    .constdata                               0x08003d0a   Section       18  stm32f1xx_hal_rcc_ex.o(.constdata)
    aPredivFactorTable                       0x08003d0a   Data           2  stm32f1xx_hal_rcc_ex.o(.constdata)
    aPLLMULFactorTable                       0x08003d0c   Data          16  stm32f1xx_hal_rcc_ex.o(.constdata)
    .constdata                               0x08003d1c   Section       16  system_stm32f1xx.o(.constdata)
    .constdata                               0x08003d2c   Section        8  system_stm32f1xx.o(.constdata)
    .constdata                               0x08003d34   Section      148  bigflt0.o(.constdata)
    tenpwrs_x                                0x08003d34   Data          60  bigflt0.o(.constdata)
    tenpwrs_i                                0x08003d70   Data          64  bigflt0.o(.constdata)
    locale$$data                             0x08003de8   Section       28  lc_numeric_c.o(locale$$data)
    __lcnum_c_name                           0x08003dec   Data           2  lc_numeric_c.o(locale$$data)
    __lcnum_c_start                          0x08003df4   Data           0  lc_numeric_c.o(locale$$data)
    __lcnum_c_point                          0x08003e00   Data           0  lc_numeric_c.o(locale$$data)
    __lcnum_c_thousands                      0x08003e02   Data           0  lc_numeric_c.o(locale$$data)
    __lcnum_c_grouping                       0x08003e03   Data           0  lc_numeric_c.o(locale$$data)
    __lcnum_c_end                            0x08003e04   Data           0  lc_numeric_c.o(locale$$data)
    .data                                    0x20000000   Section       24  main.o(.data)
    .data                                    0x20000018   Section       12  stm32f1xx_hal.o(.data)
    .data                                    0x20000024   Section        4  system_stm32f1xx.o(.data)
    .bss                                     0x20000028   Section      222  main.o(.bss)
    .bss                                     0x20000108   Section       96  libspace.o(.bss)
    HEAP                                     0x20000168   Section      512  startup_stm32f103xb.o(HEAP)
    Heap_Mem                                 0x20000168   Data         512  startup_stm32f103xb.o(HEAP)
    STACK                                    0x20000368   Section     1024  startup_stm32f103xb.o(STACK)
    Stack_Mem                                0x20000368   Data        1024  startup_stm32f103xb.o(STACK)
    __initial_sp                             0x20000768   Data           0  startup_stm32f103xb.o(STACK)

    Global Symbols

    Symbol Name                              Value     Ov Type        Size  Object(Section)

    BuildAttributes$$THM_ISAv4$P$D$K$B$S$PE$A:L22UL41UL21$X:L11$S22US41US21$IEEE1$IW$USESV6$~STKCKD$USESV7$~SHL$OTIME$ROPI$IEEEJ$EBA8$UX$STANDARDLIB$REQ8$PRES8$EABIv2 0x00000000   Number         0  anon$$obj.o ABSOLUTE
    __ARM_use_no_argv                        0x00000000   Number         0  main.o ABSOLUTE
    _printf_flags                            0x00000000   Number         0  printf_stubs.o ABSOLUTE
    _printf_return_value                     0x00000000   Number         0  printf_stubs.o ABSOLUTE
    _printf_sizespec                         0x00000000   Number         0  printf_stubs.o ABSOLUTE
    _printf_widthprec                        0x00000000   Number         0  printf_stubs.o ABSOLUTE
    __ARM_exceptions_init                     - Undefined Weak Reference
    __alloca_initialize                       - Undefined Weak Reference
    __arm_preinit_                            - Undefined Weak Reference
    __cpp_initialize__aeabi_                  - Undefined Weak Reference
    __cxa_finalize                            - Undefined Weak Reference
    __sigvec_lookup                           - Undefined Weak Reference
    _atexit_init                              - Undefined Weak Reference
    _call_atexit_fns                          - Undefined Weak Reference
    _clock_init                               - Undefined Weak Reference
    _fp_trap_init                             - Undefined Weak Reference
    _fp_trap_shutdown                         - Undefined Weak Reference
    _get_lc_collate                           - Undefined Weak Reference
    _get_lc_ctype                             - Undefined Weak Reference
    _get_lc_monetary                          - Undefined Weak Reference
    _get_lc_time                              - Undefined Weak Reference
    _getenv_init                              - Undefined Weak Reference
    _handle_redirection                       - Undefined Weak Reference
    _init_alloc                               - Undefined Weak Reference
    _init_user_alloc                          - Undefined Weak Reference
    _initio                                   - Undefined Weak Reference
    _printf_mbtowc                            - Undefined Weak Reference
    _printf_post_padding                      - Undefined Weak Reference
    _printf_pre_padding                       - Undefined Weak Reference
    _rand_init                                - Undefined Weak Reference
    _signal_finish                            - Undefined Weak Reference
    _signal_init                              - Undefined Weak Reference
    _terminate_alloc                          - Undefined Weak Reference
    _terminate_user_alloc                     - Undefined Weak Reference
    _terminateio                              - Undefined Weak Reference
    __Vectors_Size                           0x000000ec   Number         0  startup_stm32f103xb.o ABSOLUTE
    __Vectors                                0x08000000   Data           4  startup_stm32f103xb.o(RESET)
    __Vectors_End                            0x080000ec   Data           0  startup_stm32f103xb.o(RESET)
    __main                                   0x080000ed   Thumb Code     8  __main.o(!!!main)
    __scatterload                            0x080000f5   Thumb Code     0  __scatter.o(!!!scatter)
    __scatterload_rt2                        0x080000f5   Thumb Code    44  __scatter.o(!!!scatter)
    __scatterload_rt2_thumb_only             0x080000f5   Thumb Code     0  __scatter.o(!!!scatter)
    __scatterload_null                       0x08000103   Thumb Code     0  __scatter.o(!!!scatter)
    __scatterload_copy                       0x08000129   Thumb Code    26  __scatter_copy.o(!!handler_copy)
    __scatterload_zeroinit                   0x08000145   Thumb Code    28  __scatter_zi.o(!!handler_zi)
    _printf_f                                0x08000161   Thumb Code     0  _printf_f.o(.ARM.Collect$$_printf_percent$$00000003)
    _printf_percent                          0x08000161   Thumb Code     0  _printf_percent.o(.ARM.Collect$$_printf_percent$$00000000)
    _printf_s                                0x08000167   Thumb Code     0  _printf_s.o(.ARM.Collect$$_printf_percent$$00000014)
    _printf_percent_end                      0x0800016d   Thumb Code     0  _printf_percent_end.o(.ARM.Collect$$_printf_percent$$00000017)
    __rt_lib_init                            0x08000171   Thumb Code     0  libinit.o(.ARM.Collect$$libinit$$00000000)
    __rt_lib_init_fp_1                       0x08000173   Thumb Code     0  libinit2.o(.ARM.Collect$$libinit$$00000002)
    __rt_lib_init_heap_1                     0x08000173   Thumb Code     0  libinit2.o(.ARM.Collect$$libinit$$0000000A)
    __rt_lib_init_lc_common                  0x08000173   Thumb Code     0  libinit2.o(.ARM.Collect$$libinit$$0000000F)
    __rt_lib_init_preinit_1                  0x08000173   Thumb Code     0  libinit2.o(.ARM.Collect$$libinit$$00000004)
    __rt_lib_init_rand_1                     0x08000173   Thumb Code     0  libinit2.o(.ARM.Collect$$libinit$$0000000E)
    __rt_lib_init_user_alloc_1               0x08000173   Thumb Code     0  libinit2.o(.ARM.Collect$$libinit$$0000000C)
    __rt_lib_init_lc_collate_1               0x08000179   Thumb Code     0  libinit2.o(.ARM.Collect$$libinit$$00000011)
    __rt_lib_init_lc_ctype_1                 0x08000179   Thumb Code     0  libinit2.o(.ARM.Collect$$libinit$$00000013)
    __rt_lib_init_lc_monetary_1              0x08000179   Thumb Code     0  libinit2.o(.ARM.Collect$$libinit$$00000015)
    __rt_lib_init_lc_numeric_2               0x08000179   Thumb Code     0  libinit2.o(.ARM.Collect$$libinit$$00000016)
    __rt_lib_init_alloca_1                   0x08000183   Thumb Code     0  libinit2.o(.ARM.Collect$$libinit$$0000002E)
    __rt_lib_init_argv_1                     0x08000183   Thumb Code     0  libinit2.o(.ARM.Collect$$libinit$$0000002C)
    __rt_lib_init_atexit_1                   0x08000183   Thumb Code     0  libinit2.o(.ARM.Collect$$libinit$$0000001B)
    __rt_lib_init_clock_1                    0x08000183   Thumb Code     0  libinit2.o(.ARM.Collect$$libinit$$00000021)
    __rt_lib_init_cpp_1                      0x08000183   Thumb Code     0  libinit2.o(.ARM.Collect$$libinit$$00000032)
    __rt_lib_init_exceptions_1               0x08000183   Thumb Code     0  libinit2.o(.ARM.Collect$$libinit$$00000030)
    __rt_lib_init_fp_trap_1                  0x08000183   Thumb Code     0  libinit2.o(.ARM.Collect$$libinit$$0000001F)
    __rt_lib_init_getenv_1                   0x08000183   Thumb Code     0  libinit2.o(.ARM.Collect$$libinit$$00000023)
    __rt_lib_init_lc_numeric_1               0x08000183   Thumb Code     0  libinit2.o(.ARM.Collect$$libinit$$00000017)
    __rt_lib_init_lc_time_1                  0x08000183   Thumb Code     0  libinit2.o(.ARM.Collect$$libinit$$00000019)
    __rt_lib_init_return                     0x08000183   Thumb Code     0  libinit2.o(.ARM.Collect$$libinit$$00000033)
    __rt_lib_init_signal_1                   0x08000183   Thumb Code     0  libinit2.o(.ARM.Collect$$libinit$$0000001D)
    __rt_lib_init_stdio_1                    0x08000183   Thumb Code     0  libinit2.o(.ARM.Collect$$libinit$$00000025)
    __rt_lib_shutdown                        0x08000185   Thumb Code     0  libshutdown.o(.ARM.Collect$$libshutdown$$00000000)
    __rt_lib_shutdown_cpp_1                  0x08000187   Thumb Code     0  libshutdown2.o(.ARM.Collect$$libshutdown$$00000002)
    __rt_lib_shutdown_fp_trap_1              0x08000187   Thumb Code     0  libshutdown2.o(.ARM.Collect$$libshutdown$$00000007)
    __rt_lib_shutdown_heap_1                 0x08000187   Thumb Code     0  libshutdown2.o(.ARM.Collect$$libshutdown$$0000000F)
    __rt_lib_shutdown_return                 0x08000187   Thumb Code     0  libshutdown2.o(.ARM.Collect$$libshutdown$$00000010)
    __rt_lib_shutdown_signal_1               0x08000187   Thumb Code     0  libshutdown2.o(.ARM.Collect$$libshutdown$$0000000A)
    __rt_lib_shutdown_stdio_1                0x08000187   Thumb Code     0  libshutdown2.o(.ARM.Collect$$libshutdown$$00000004)
    __rt_lib_shutdown_user_alloc_1           0x08000187   Thumb Code     0  libshutdown2.o(.ARM.Collect$$libshutdown$$0000000C)
    __rt_entry                               0x08000189   Thumb Code     0  __rtentry.o(.ARM.Collect$$rtentry$$00000000)
    __rt_entry_presh_1                       0x08000189   Thumb Code     0  __rtentry2.o(.ARM.Collect$$rtentry$$00000002)
    __rt_entry_sh                            0x08000189   Thumb Code     0  __rtentry4.o(.ARM.Collect$$rtentry$$00000004)
    __rt_entry_li                            0x0800018f   Thumb Code     0  __rtentry2.o(.ARM.Collect$$rtentry$$0000000A)
    __rt_entry_postsh_1                      0x0800018f   Thumb Code     0  __rtentry2.o(.ARM.Collect$$rtentry$$00000009)
    __rt_entry_main                          0x08000193   Thumb Code     0  __rtentry2.o(.ARM.Collect$$rtentry$$0000000D)
    __rt_entry_postli_1                      0x08000193   Thumb Code     0  __rtentry2.o(.ARM.Collect$$rtentry$$0000000C)
    __rt_exit                                0x0800019b   Thumb Code     0  rtexit.o(.ARM.Collect$$rtexit$$00000000)
    __rt_exit_ls                             0x0800019d   Thumb Code     0  rtexit2.o(.ARM.Collect$$rtexit$$00000003)
    __rt_exit_prels_1                        0x0800019d   Thumb Code     0  rtexit2.o(.ARM.Collect$$rtexit$$00000002)
    __rt_exit_exit                           0x080001a1   Thumb Code     0  rtexit2.o(.ARM.Collect$$rtexit$$00000004)
    Reset_Handler                            0x080001a9   Thumb Code     8  startup_stm32f103xb.o(.text)
    ADC1_2_IRQHandler                        0x080001c3   Thumb Code     0  startup_stm32f103xb.o(.text)
    CAN1_RX1_IRQHandler                      0x080001c3   Thumb Code     0  startup_stm32f103xb.o(.text)
    CAN1_SCE_IRQHandler                      0x080001c3   Thumb Code     0  startup_stm32f103xb.o(.text)
    DMA1_Channel1_IRQHandler                 0x080001c3   Thumb Code     0  startup_stm32f103xb.o(.text)
    DMA1_Channel2_IRQHandler                 0x080001c3   Thumb Code     0  startup_stm32f103xb.o(.text)
    DMA1_Channel3_IRQHandler                 0x080001c3   Thumb Code     0  startup_stm32f103xb.o(.text)
    DMA1_Channel4_IRQHandler                 0x080001c3   Thumb Code     0  startup_stm32f103xb.o(.text)
    DMA1_Channel5_IRQHandler                 0x080001c3   Thumb Code     0  startup_stm32f103xb.o(.text)
    DMA1_Channel6_IRQHandler                 0x080001c3   Thumb Code     0  startup_stm32f103xb.o(.text)
    DMA1_Channel7_IRQHandler                 0x080001c3   Thumb Code     0  startup_stm32f103xb.o(.text)
    EXTI0_IRQHandler                         0x080001c3   Thumb Code     0  startup_stm32f103xb.o(.text)
    EXTI15_10_IRQHandler                     0x080001c3   Thumb Code     0  startup_stm32f103xb.o(.text)
    EXTI1_IRQHandler                         0x080001c3   Thumb Code     0  startup_stm32f103xb.o(.text)
    EXTI2_IRQHandler                         0x080001c3   Thumb Code     0  startup_stm32f103xb.o(.text)
    EXTI3_IRQHandler                         0x080001c3   Thumb Code     0  startup_stm32f103xb.o(.text)
    EXTI4_IRQHandler                         0x080001c3   Thumb Code     0  startup_stm32f103xb.o(.text)
    EXTI9_5_IRQHandler                       0x080001c3   Thumb Code     0  startup_stm32f103xb.o(.text)
    FLASH_IRQHandler                         0x080001c3   Thumb Code     0  startup_stm32f103xb.o(.text)
    I2C1_ER_IRQHandler                       0x080001c3   Thumb Code     0  startup_stm32f103xb.o(.text)
    I2C1_EV_IRQHandler                       0x080001c3   Thumb Code     0  startup_stm32f103xb.o(.text)
    I2C2_ER_IRQHandler                       0x080001c3   Thumb Code     0  startup_stm32f103xb.o(.text)
    I2C2_EV_IRQHandler                       0x080001c3   Thumb Code     0  startup_stm32f103xb.o(.text)
    PVD_IRQHandler                           0x080001c3   Thumb Code     0  startup_stm32f103xb.o(.text)
    RCC_IRQHandler                           0x080001c3   Thumb Code     0  startup_stm32f103xb.o(.text)
    RTC_Alarm_IRQHandler                     0x080001c3   Thumb Code     0  startup_stm32f103xb.o(.text)
    RTC_IRQHandler                           0x080001c3   Thumb Code     0  startup_stm32f103xb.o(.text)
    SPI1_IRQHandler                          0x080001c3   Thumb Code     0  startup_stm32f103xb.o(.text)
    SPI2_IRQHandler                          0x080001c3   Thumb Code     0  startup_stm32f103xb.o(.text)
    TAMPER_IRQHandler                        0x080001c3   Thumb Code     0  startup_stm32f103xb.o(.text)
    TIM1_BRK_IRQHandler                      0x080001c3   Thumb Code     0  startup_stm32f103xb.o(.text)
    TIM1_CC_IRQHandler                       0x080001c3   Thumb Code     0  startup_stm32f103xb.o(.text)
    TIM1_TRG_COM_IRQHandler                  0x080001c3   Thumb Code     0  startup_stm32f103xb.o(.text)
    TIM1_UP_IRQHandler                       0x080001c3   Thumb Code     0  startup_stm32f103xb.o(.text)
    TIM2_IRQHandler                          0x080001c3   Thumb Code     0  startup_stm32f103xb.o(.text)
    TIM3_IRQHandler                          0x080001c3   Thumb Code     0  startup_stm32f103xb.o(.text)
    TIM4_IRQHandler                          0x080001c3   Thumb Code     0  startup_stm32f103xb.o(.text)
    USART2_IRQHandler                        0x080001c3   Thumb Code     0  startup_stm32f103xb.o(.text)
    USART3_IRQHandler                        0x080001c3   Thumb Code     0  startup_stm32f103xb.o(.text)
    USBWakeUp_IRQHandler                     0x080001c3   Thumb Code     0  startup_stm32f103xb.o(.text)
    USB_HP_CAN1_TX_IRQHandler                0x080001c3   Thumb Code     0  startup_stm32f103xb.o(.text)
    USB_LP_CAN1_RX0_IRQHandler               0x080001c3   Thumb Code     0  startup_stm32f103xb.o(.text)
    WWDG_IRQHandler                          0x080001c3   Thumb Code     0  startup_stm32f103xb.o(.text)
    __user_initial_stackheap                 0x080001c5   Thumb Code     0  startup_stm32f103xb.o(.text)
    __2sprintf                               0x080001e9   Thumb Code    34  noretval__2sprintf.o(.text)
    _printf_str                              0x08000211   Thumb Code    82  _printf_str.o(.text)
    __printf                                 0x08000263   Thumb Code   270  __printf_wp.o(.text)
    strlen                                   0x08000371   Thumb Code    62  strlen.o(.text)
    __aeabi_memclr4                          0x080003af   Thumb Code     0  rt_memclr_w.o(.text)
    __aeabi_memclr8                          0x080003af   Thumb Code     0  rt_memclr_w.o(.text)
    __rt_memclr_w                            0x080003af   Thumb Code    78  rt_memclr_w.o(.text)
    _memset_w                                0x080003b3   Thumb Code     0  rt_memclr_w.o(.text)
    __use_two_region_memory                  0x080003fd   Thumb Code     2  heapauxi.o(.text)
    __rt_heap_escrow$2region                 0x080003ff   Thumb Code     2  heapauxi.o(.text)
    __rt_heap_expand$2region                 0x08000401   Thumb Code     2  heapauxi.o(.text)
    __lib_sel_fp_printf                      0x08000403   Thumb Code     2  _printf_fp_dec.o(.text)
    _printf_fp_dec_real                      0x080005b5   Thumb Code   620  _printf_fp_dec.o(.text)
    _printf_char_common                      0x0800082b   Thumb Code    32  _printf_char_common.o(.text)
    _sputc                                   0x08000851   Thumb Code    10  _sputc.o(.text)
    _printf_cs_common                        0x0800085b   Thumb Code    20  _printf_char.o(.text)
    _printf_char                             0x0800086f   Thumb Code    16  _printf_char.o(.text)
    _printf_string                           0x0800087f   Thumb Code     8  _printf_char.o(.text)
    __rt_locale                              0x08000889   Thumb Code     8  rt_locale_intlibspace.o(.text)
    _ll_udiv10                               0x08000891   Thumb Code   138  lludiv10.o(.text)
    _printf_fp_infnan                        0x0800091d   Thumb Code   112  _printf_fp_infnan.o(.text)
    _btod_etento                             0x0800099d   Thumb Code   224  bigflt0.o(.text)
    __user_libspace                          0x08000a81   Thumb Code     8  libspace.o(.text)
    __user_perproc_libspace                  0x08000a81   Thumb Code     0  libspace.o(.text)
    __user_perthread_libspace                0x08000a81   Thumb Code     0  libspace.o(.text)
    __user_setup_stackheap                   0x08000a89   Thumb Code    74  sys_stackheap_outer.o(.text)
    exit                                     0x08000ad3   Thumb Code    18  exit.o(.text)
    strcmp                                   0x08000ae5   Thumb Code   128  strcmpv7m.o(.text)
    _sys_exit                                0x08000b65   Thumb Code     8  sys_exit.o(.text)
    __I$use$semihosting                      0x08000b71   Thumb Code     0  use_no_semi.o(.text)
    __use_no_semihosting_swi                 0x08000b71   Thumb Code     2  use_no_semi.o(.text)
    __semihosting_library_function           0x08000b73   Thumb Code     0  indicate_semi.o(.text)
    _btod_d2e                                0x08000b73   Thumb Code    62  btod.o(CL$$btod_d2e)
    _d2e_denorm_low                          0x08000bb1   Thumb Code    70  btod.o(CL$$btod_d2e_denorm_low)
    _d2e_norm_op1                            0x08000bf7   Thumb Code    96  btod.o(CL$$btod_d2e_norm_op1)
    __btod_div_common                        0x08000c57   Thumb Code   696  btod.o(CL$$btod_div_common)
    _e2e                                     0x08000f8f   Thumb Code   220  btod.o(CL$$btod_e2e)
    _btod_ediv                               0x0800106b   Thumb Code    42  btod.o(CL$$btod_ediv)
    _btod_emul                               0x08001095   Thumb Code    42  btod.o(CL$$btod_emul)
    __btod_mult_common                       0x080010bf   Thumb Code   580  btod.o(CL$$btod_mult_common)
    ADC_ConversionStop_Disable               0x08001305   Thumb Code    86  stm32f1xx_hal_adc.o(i.ADC_ConversionStop_Disable)
    ADC_Enable                               0x0800135d   Thumb Code   114  stm32f1xx_hal_adc.o(i.ADC_Enable)
    BusFault_Handler                         0x080013d9   Thumb Code     2  stm32f1xx_it.o(i.BusFault_Handler)
    DHT11_Check_Response                     0x080013dd   Thumb Code    64  main.o(i.DHT11_Check_Response)
    DHT11_Read                               0x08001421   Thumb Code    88  main.o(i.DHT11_Read)
    DHT11_Start                              0x0800147d   Thumb Code    62  main.o(i.DHT11_Start)
    DWT_Delay                                0x080014c1   Thumb Code    28  dwt_delay.o(i.DWT_Delay)
    DWT_Init                                 0x080014e9   Thumb Code    32  dwt_delay.o(i.DWT_Init)
    DebugMon_Handler                         0x08001511   Thumb Code     2  stm32f1xx_it.o(i.DebugMon_Handler)
    HAL_ADC_ConfigChannel                    0x08001515   Thumb Code   240  stm32f1xx_hal_adc.o(i.HAL_ADC_ConfigChannel)
    HAL_ADC_GetValue                         0x08001611   Thumb Code     6  stm32f1xx_hal_adc.o(i.HAL_ADC_GetValue)
    HAL_ADC_Init                             0x08001619   Thumb Code   272  stm32f1xx_hal_adc.o(i.HAL_ADC_Init)
    HAL_ADC_MspInit                          0x08001735   Thumb Code    76  stm32f1xx_hal_msp.o(i.HAL_ADC_MspInit)
    HAL_ADC_PollForConversion                0x0800178d   Thumb Code   304  stm32f1xx_hal_adc.o(i.HAL_ADC_PollForConversion)
    HAL_ADC_Start                            0x080018c9   Thumb Code   184  stm32f1xx_hal_adc.o(i.HAL_ADC_Start)
    HAL_ADC_Stop                             0x08001989   Thumb Code    52  stm32f1xx_hal_adc.o(i.HAL_ADC_Stop)
    HAL_DMA_Abort                            0x080019bd   Thumb Code    70  stm32f1xx_hal_dma.o(i.HAL_DMA_Abort)
    HAL_DMA_Abort_IT                         0x08001a05   Thumb Code   148  stm32f1xx_hal_dma.o(i.HAL_DMA_Abort_IT)
    HAL_Delay                                0x08001a9d   Thumb Code    32  stm32f1xx_hal.o(i.HAL_Delay)
    HAL_GPIO_Init                            0x08001ac1   Thumb Code   446  stm32f1xx_hal_gpio.o(i.HAL_GPIO_Init)
    HAL_GPIO_ReadPin                         0x08001ca1   Thumb Code    10  stm32f1xx_hal_gpio.o(i.HAL_GPIO_ReadPin)
    HAL_GPIO_TogglePin                       0x08001cab   Thumb Code    16  stm32f1xx_hal_gpio.o(i.HAL_GPIO_TogglePin)
    HAL_GPIO_WritePin                        0x08001cbb   Thumb Code    10  stm32f1xx_hal_gpio.o(i.HAL_GPIO_WritePin)
    HAL_GetTick                              0x08001cc5   Thumb Code     6  stm32f1xx_hal.o(i.HAL_GetTick)
    HAL_IncTick                              0x08001cd1   Thumb Code    12  stm32f1xx_hal.o(i.HAL_IncTick)
    HAL_Init                                 0x08001ce1   Thumb Code    32  stm32f1xx_hal.o(i.HAL_Init)
    HAL_InitTick                             0x08001d05   Thumb Code    54  stm32f1xx_hal.o(i.HAL_InitTick)
    HAL_MspInit                              0x08001d45   Thumb Code    52  stm32f1xx_hal_msp.o(i.HAL_MspInit)
    HAL_NVIC_EnableIRQ                       0x08001d81   Thumb Code    26  stm32f1xx_hal_cortex.o(i.HAL_NVIC_EnableIRQ)
    HAL_NVIC_SetPriority                     0x08001d9d   Thumb Code    60  stm32f1xx_hal_cortex.o(i.HAL_NVIC_SetPriority)
    HAL_NVIC_SetPriorityGrouping             0x08001ddd   Thumb Code    26  stm32f1xx_hal_cortex.o(i.HAL_NVIC_SetPriorityGrouping)
    HAL_RCCEx_GetPeriphCLKFreq               0x08001e01   Thumb Code   148  stm32f1xx_hal_rcc_ex.o(i.HAL_RCCEx_GetPeriphCLKFreq)
    HAL_RCCEx_PeriphCLKConfig                0x08001ea5   Thumb Code   224  stm32f1xx_hal_rcc_ex.o(i.HAL_RCCEx_PeriphCLKConfig)
    HAL_RCC_ClockConfig                      0x08001f91   Thumb Code   280  stm32f1xx_hal_rcc.o(i.HAL_RCC_ClockConfig)
    HAL_RCC_GetPCLK1Freq                     0x080020bd   Thumb Code    20  stm32f1xx_hal_rcc.o(i.HAL_RCC_GetPCLK1Freq)
    HAL_RCC_GetPCLK2Freq                     0x080020dd   Thumb Code    20  stm32f1xx_hal_rcc.o(i.HAL_RCC_GetPCLK2Freq)
    HAL_RCC_GetSysClockFreq                  0x080020fd   Thumb Code    58  stm32f1xx_hal_rcc.o(i.HAL_RCC_GetSysClockFreq)
    HAL_RCC_OscConfig                        0x08002149   Thumb Code   778  stm32f1xx_hal_rcc.o(i.HAL_RCC_OscConfig)
    HAL_SYSTICK_Config                       0x08002469   Thumb Code    40  stm32f1xx_hal_cortex.o(i.HAL_SYSTICK_Config)
    HAL_TIMEx_MasterConfigSynchronization    0x08002491   Thumb Code    92  stm32f1xx_hal_tim_ex.o(i.HAL_TIMEx_MasterConfigSynchronization)
    HAL_TIM_Base_Init                        0x080024f9   Thumb Code    90  stm32f1xx_hal_tim.o(i.HAL_TIM_Base_Init)
    HAL_TIM_Base_MspInit                     0x08002555   Thumb Code    30  stm32f1xx_hal_msp.o(i.HAL_TIM_Base_MspInit)
    HAL_TIM_Base_Start                       0x0800257d   Thumb Code    66  stm32f1xx_hal_tim.o(i.HAL_TIM_Base_Start)
    HAL_TIM_ConfigClockSource                0x080025cd   Thumb Code   220  stm32f1xx_hal_tim.o(i.HAL_TIM_ConfigClockSource)
    HAL_UARTEx_RxEventCallback               0x080026a9   Thumb Code     2  stm32f1xx_hal_uart.o(i.HAL_UARTEx_RxEventCallback)
    HAL_UART_ErrorCallback                   0x080026ab   Thumb Code     2  stm32f1xx_hal_uart.o(i.HAL_UART_ErrorCallback)
    HAL_UART_IRQHandler                      0x080026ad   Thumb Code   616  stm32f1xx_hal_uart.o(i.HAL_UART_IRQHandler)
    HAL_UART_Init                            0x08002919   Thumb Code   100  stm32f1xx_hal_uart.o(i.HAL_UART_Init)
    HAL_UART_MspInit                         0x0800297d   Thumb Code   116  stm32f1xx_hal_msp.o(i.HAL_UART_MspInit)
    HAL_UART_RxCpltCallback                  0x080029fd   Thumb Code     2  stm32f1xx_hal_uart.o(i.HAL_UART_RxCpltCallback)
    HAL_UART_Transmit                        0x080029ff   Thumb Code   154  stm32f1xx_hal_uart.o(i.HAL_UART_Transmit)
    HAL_UART_TxCpltCallback                  0x08002a99   Thumb Code     2  stm32f1xx_hal_uart.o(i.HAL_UART_TxCpltCallback)
    HardFault_Handler                        0x08002a9b   Thumb Code     2  stm32f1xx_it.o(i.HardFault_Handler)
    MemManage_Handler                        0x08002c39   Thumb Code     2  stm32f1xx_it.o(i.MemManage_Handler)
    NMI_Handler                              0x08002c3b   Thumb Code     2  stm32f1xx_it.o(i.NMI_Handler)
    PendSV_Handler                           0x08002c3d   Thumb Code     2  stm32f1xx_it.o(i.PendSV_Handler)
    SIM808_SendSMS                           0x08002c5d   Thumb Code    90  sim808.o(i.SIM808_SendSMS)
    SVC_Handler                              0x08002cd9   Thumb Code     2  stm32f1xx_it.o(i.SVC_Handler)
    Set_Pin_Input                            0x08002cdb   Thumb Code    22  main.o(i.Set_Pin_Input)
    Set_Pin_Output                           0x08002cf1   Thumb Code    24  main.o(i.Set_Pin_Output)
    SysTick_Handler                          0x08002d09   Thumb Code     4  stm32f1xx_it.o(i.SysTick_Handler)
    SystemClock_Config                       0x08002d0d   Thumb Code   120  main.o(i.SystemClock_Config)
    SystemInit                               0x08002d85   Thumb Code     2  system_stm32f1xx.o(i.SystemInit)
    TIM_Base_SetConfig                       0x08002d89   Thumb Code    94  stm32f1xx_hal_tim.o(i.TIM_Base_SetConfig)
    TIM_ETR_SetConfig                        0x08002df5   Thumb Code    20  stm32f1xx_hal_tim.o(i.TIM_ETR_SetConfig)
    USART1_IRQHandler                        0x080030b1   Thumb Code     6  stm32f1xx_it.o(i.USART1_IRQHandler)
    UsageFault_Handler                       0x080030bd   Thumb Code     2  stm32f1xx_it.o(i.UsageFault_Handler)
    __ARM_fpclassify                         0x080030bf   Thumb Code    40  fpclassify.o(i.__ARM_fpclassify)
    _is_digit                                0x0800312d   Thumb Code    14  __printf_wp.o(i._is_digit)
    beep                                     0x0800313d   Thumb Code    58  main.o(i.beep)
    delay                                    0x0800317d   Thumb Code    18  main.o(i.delay)
    lcd_clear                                0x08003195   Thumb Code    18  lcd1602.o(i.lcd_clear)
    lcd_init                                 0x080031a7   Thumb Code   120  lcd1602.o(i.lcd_init)
    lcd_put_cur                              0x0800321f   Thumb Code    24  lcd1602.o(i.lcd_put_cur)
    lcd_send_cmd                             0x08003237   Thumb Code    26  lcd1602.o(i.lcd_send_cmd)
    lcd_send_data                            0x08003251   Thumb Code    26  lcd1602.o(i.lcd_send_data)
    lcd_send_string                          0x0800326b   Thumb Code    20  lcd1602.o(i.lcd_send_string)
    main                                     0x08003281   Thumb Code   778  main.o(i.main)
    send_to_lcd                              0x08003611   Thumb Code   102  lcd1602.o(i.send_to_lcd)
    _get_lc_numeric                          0x0800367d   Thumb Code    44  lc_numeric_c.o(locale$$code)
    __aeabi_d2f                              0x080036a9   Thumb Code     0  d2f.o(x$fpl$d2f)
    _d2f                                     0x080036a9   Thumb Code    98  d2f.o(x$fpl$d2f)
    __aeabi_ddiv                             0x0800370d   Thumb Code     0  ddiv.o(x$fpl$ddiv)
    _ddiv                                    0x0800370d   Thumb Code   552  ddiv.o(x$fpl$ddiv)
    __aeabi_ui2d                             0x080039bd   Thumb Code     0  dflt_clz.o(x$fpl$dfltu)
    _dfltu                                   0x080039bd   Thumb Code    38  dflt_clz.o(x$fpl$dfltu)
    __aeabi_dmul                             0x080039e5   Thumb Code     0  dmul.o(x$fpl$dmul)
    _dmul                                    0x080039e5   Thumb Code   332  dmul.o(x$fpl$dmul)
    __fpl_dnaninf                            0x08003b39   Thumb Code   156  dnaninf.o(x$fpl$dnaninf)
    __fpl_dretinf                            0x08003bd5   Thumb Code    12  dretinf.o(x$fpl$dretinf)
    __aeabi_f2d                              0x08003be1   Thumb Code     0  f2d.o(x$fpl$f2d)
    _f2d                                     0x08003be1   Thumb Code    86  f2d.o(x$fpl$f2d)
    __aeabi_ui2f                             0x08003c39   Thumb Code     0  fflt_clz.o(x$fpl$ffltu)
    _ffltu                                   0x08003c39   Thumb Code    38  fflt_clz.o(x$fpl$ffltu)
    __fpl_fnaninf                            0x08003c5f   Thumb Code   140  fnaninf.o(x$fpl$fnaninf)
    __fpl_fretinf                            0x08003ceb   Thumb Code    10  fretinf.o(x$fpl$fretinf)
    _printf_fp_dec                           0x08003cf5   Thumb Code     4  printf1.o(x$fpl$printf1)
    __I$use$fp                               0x08003cf8   Number         0  usenofp.o(x$fpl$usenofp)
    AHBPrescTable                            0x08003d1c   Data          16  system_stm32f1xx.o(.constdata)
    APBPrescTable                            0x08003d2c   Data           8  system_stm32f1xx.o(.constdata)
    Region$$Table$$Base                      0x08003dc8   Number         0  anon$$obj.o(Region$$Table)
    Region$$Table$$Limit                     0x08003de8   Number         0  anon$$obj.o(Region$$Table)
    Presence                                 0x20000000   Data           1  main.o(.data)
    Rh_byte1                                 0x20000001   Data           1  main.o(.data)
    Rh_byte2                                 0x20000002   Data           1  main.o(.data)
    Temp_byte1                               0x20000003   Data           1  main.o(.data)
    Temp_byte2                               0x20000004   Data           1  main.o(.data)
    SUM                                      0x20000006   Data           2  main.o(.data)
    RH                                       0x20000008   Data           2  main.o(.data)
    TEMP                                     0x2000000a   Data           2  main.o(.data)
    Temperature                              0x2000000c   Data           4  main.o(.data)
    Humidity                                 0x20000010   Data           4  main.o(.data)
    percentage_gas                           0x20000014   Data           4  main.o(.data)
    uwTickFreq                               0x20000018   Data           1  stm32f1xx_hal.o(.data)
    uwTickPrio                               0x2000001c   Data           4  stm32f1xx_hal.o(.data)
    uwTick                                   0x20000020   Data           4  stm32f1xx_hal.o(.data)
    SystemCoreClock                          0x20000024   Data           4  system_stm32f1xx.o(.data)
    hadc1                                    0x20000028   Data          48  main.o(.bss)
    htim3                                    0x20000058   Data          72  main.o(.bss)
    huart1                                   0x200000a0   Data          72  main.o(.bss)
    str_gas                                  0x200000e8   Data          10  main.o(.bss)
    str_temp                                 0x200000f2   Data          10  main.o(.bss)
    str_humi                                 0x200000fc   Data          10  main.o(.bss)
    __libspace_start                         0x20000108   Data          96  libspace.o(.bss)
    __temporary_stack_top$libspace           0x20000168   Data           0  libspace.o(.bss)



==============================================================================

Memory Map of the image

  Image Entry point : 0x080000ed

  Load Region LR_IROM1 (Base: 0x08000000, Size: 0x00003e2c, Max: 0x00010000, ABSOLUTE)

    Execution Region ER_IROM1 (Exec base: 0x08000000, Load base: 0x08000000, Size: 0x00003e04, Max: 0x00010000, ABSOLUTE)

    Exec Addr    Load Addr    Size         Type   Attr      Idx    E Section Name        Object

    0x08000000   0x08000000   0x000000ec   Data   RO            3    RESET               startup_stm32f103xb.o
    0x080000ec   0x080000ec   0x00000008   Code   RO         3211  * !!!main             c_w.l(__main.o)
    0x080000f4   0x080000f4   0x00000034   Code   RO         3455    !!!scatter          c_w.l(__scatter.o)
    0x08000128   0x08000128   0x0000001a   Code   RO         3457    !!handler_copy      c_w.l(__scatter_copy.o)
    0x08000142   0x08000142   0x00000002   PAD
    0x08000144   0x08000144   0x0000001c   Code   RO         3459    !!handler_zi        c_w.l(__scatter_zi.o)
    0x08000160   0x08000160   0x00000000   Code   RO         3204    .ARM.Collect$$_printf_percent$$00000000  c_w.l(_printf_percent.o)
    0x08000160   0x08000160   0x00000006   Code   RO         3203    .ARM.Collect$$_printf_percent$$00000003  c_w.l(_printf_f.o)
    0x08000166   0x08000166   0x00000006   Code   RO         3202    .ARM.Collect$$_printf_percent$$00000014  c_w.l(_printf_s.o)
    0x0800016c   0x0800016c   0x00000004   Code   RO         3246    .ARM.Collect$$_printf_percent$$00000017  c_w.l(_printf_percent_end.o)
    0x08000170   0x08000170   0x00000002   Code   RO         3328    .ARM.Collect$$libinit$$00000000  c_w.l(libinit.o)
    0x08000172   0x08000172   0x00000000   Code   RO         3330    .ARM.Collect$$libinit$$00000002  c_w.l(libinit2.o)
    0x08000172   0x08000172   0x00000000   Code   RO         3332    .ARM.Collect$$libinit$$00000004  c_w.l(libinit2.o)
    0x08000172   0x08000172   0x00000000   Code   RO         3335    .ARM.Collect$$libinit$$0000000A  c_w.l(libinit2.o)
    0x08000172   0x08000172   0x00000000   Code   RO         3337    .ARM.Collect$$libinit$$0000000C  c_w.l(libinit2.o)
    0x08000172   0x08000172   0x00000000   Code   RO         3339    .ARM.Collect$$libinit$$0000000E  c_w.l(libinit2.o)
    0x08000172   0x08000172   0x00000006   Code   RO         3340    .ARM.Collect$$libinit$$0000000F  c_w.l(libinit2.o)
    0x08000178   0x08000178   0x00000000   Code   RO         3342    .ARM.Collect$$libinit$$00000011  c_w.l(libinit2.o)
    0x08000178   0x08000178   0x00000000   Code   RO         3344    .ARM.Collect$$libinit$$00000013  c_w.l(libinit2.o)
    0x08000178   0x08000178   0x00000000   Code   RO         3346    .ARM.Collect$$libinit$$00000015  c_w.l(libinit2.o)
    0x08000178   0x08000178   0x0000000a   Code   RO         3347    .ARM.Collect$$libinit$$00000016  c_w.l(libinit2.o)
    0x08000182   0x08000182   0x00000000   Code   RO         3348    .ARM.Collect$$libinit$$00000017  c_w.l(libinit2.o)
    0x08000182   0x08000182   0x00000000   Code   RO         3350    .ARM.Collect$$libinit$$00000019  c_w.l(libinit2.o)
    0x08000182   0x08000182   0x00000000   Code   RO         3352    .ARM.Collect$$libinit$$0000001B  c_w.l(libinit2.o)
    0x08000182   0x08000182   0x00000000   Code   RO         3354    .ARM.Collect$$libinit$$0000001D  c_w.l(libinit2.o)
    0x08000182   0x08000182   0x00000000   Code   RO         3356    .ARM.Collect$$libinit$$0000001F  c_w.l(libinit2.o)
    0x08000182   0x08000182   0x00000000   Code   RO         3358    .ARM.Collect$$libinit$$00000021  c_w.l(libinit2.o)
    0x08000182   0x08000182   0x00000000   Code   RO         3360    .ARM.Collect$$libinit$$00000023  c_w.l(libinit2.o)
    0x08000182   0x08000182   0x00000000   Code   RO         3362    .ARM.Collect$$libinit$$00000025  c_w.l(libinit2.o)
    0x08000182   0x08000182   0x00000000   Code   RO         3366    .ARM.Collect$$libinit$$0000002C  c_w.l(libinit2.o)
    0x08000182   0x08000182   0x00000000   Code   RO         3368    .ARM.Collect$$libinit$$0000002E  c_w.l(libinit2.o)
    0x08000182   0x08000182   0x00000000   Code   RO         3370    .ARM.Collect$$libinit$$00000030  c_w.l(libinit2.o)
    0x08000182   0x08000182   0x00000000   Code   RO         3372    .ARM.Collect$$libinit$$00000032  c_w.l(libinit2.o)
    0x08000182   0x08000182   0x00000002   Code   RO         3373    .ARM.Collect$$libinit$$00000033  c_w.l(libinit2.o)
    0x08000184   0x08000184   0x00000002   Code   RO         3403    .ARM.Collect$$libshutdown$$00000000  c_w.l(libshutdown.o)
    0x08000186   0x08000186   0x00000000   Code   RO         3414    .ARM.Collect$$libshutdown$$00000002  c_w.l(libshutdown2.o)
    0x08000186   0x08000186   0x00000000   Code   RO         3416    .ARM.Collect$$libshutdown$$00000004  c_w.l(libshutdown2.o)
    0x08000186   0x08000186   0x00000000   Code   RO         3419    .ARM.Collect$$libshutdown$$00000007  c_w.l(libshutdown2.o)
    0x08000186   0x08000186   0x00000000   Code   RO         3422    .ARM.Collect$$libshutdown$$0000000A  c_w.l(libshutdown2.o)
    0x08000186   0x08000186   0x00000000   Code   RO         3424    .ARM.Collect$$libshutdown$$0000000C  c_w.l(libshutdown2.o)
    0x08000186   0x08000186   0x00000000   Code   RO         3427    .ARM.Collect$$libshutdown$$0000000F  c_w.l(libshutdown2.o)
    0x08000186   0x08000186   0x00000002   Code   RO         3428    .ARM.Collect$$libshutdown$$00000010  c_w.l(libshutdown2.o)
    0x08000188   0x08000188   0x00000000   Code   RO         3237    .ARM.Collect$$rtentry$$00000000  c_w.l(__rtentry.o)
    0x08000188   0x08000188   0x00000000   Code   RO         3257    .ARM.Collect$$rtentry$$00000002  c_w.l(__rtentry2.o)
    0x08000188   0x08000188   0x00000006   Code   RO         3269    .ARM.Collect$$rtentry$$00000004  c_w.l(__rtentry4.o)
    0x0800018e   0x0800018e   0x00000000   Code   RO         3259    .ARM.Collect$$rtentry$$00000009  c_w.l(__rtentry2.o)
    0x0800018e   0x0800018e   0x00000004   Code   RO         3260    .ARM.Collect$$rtentry$$0000000A  c_w.l(__rtentry2.o)
    0x08000192   0x08000192   0x00000000   Code   RO         3262    .ARM.Collect$$rtentry$$0000000C  c_w.l(__rtentry2.o)
    0x08000192   0x08000192   0x00000008   Code   RO         3263    .ARM.Collect$$rtentry$$0000000D  c_w.l(__rtentry2.o)
    0x0800019a   0x0800019a   0x00000002   Code   RO         3374    .ARM.Collect$$rtexit$$00000000  c_w.l(rtexit.o)
    0x0800019c   0x0800019c   0x00000000   Code   RO         3381    .ARM.Collect$$rtexit$$00000002  c_w.l(rtexit2.o)
    0x0800019c   0x0800019c   0x00000004   Code   RO         3382    .ARM.Collect$$rtexit$$00000003  c_w.l(rtexit2.o)
    0x080001a0   0x080001a0   0x00000006   Code   RO         3383    .ARM.Collect$$rtexit$$00000004  c_w.l(rtexit2.o)
    0x080001a6   0x080001a6   0x00000002   PAD
    0x080001a8   0x080001a8   0x00000040   Code   RO            4    .text               startup_stm32f103xb.o
    0x080001e8   0x080001e8   0x00000028   Code   RO         3176    .text               c_w.l(noretval__2sprintf.o)
    0x08000210   0x08000210   0x00000052   Code   RO         3180    .text               c_w.l(_printf_str.o)
    0x08000262   0x08000262   0x0000010e   Code   RO         3190    .text               c_w.l(__printf_wp.o)
    0x08000370   0x08000370   0x0000003e   Code   RO         3205    .text               c_w.l(strlen.o)
    0x080003ae   0x080003ae   0x0000004e   Code   RO         3207    .text               c_w.l(rt_memclr_w.o)
    0x080003fc   0x080003fc   0x00000006   Code   RO         3209    .text               c_w.l(heapauxi.o)
    0x08000402   0x08000402   0x0000041e   Code   RO         3238    .text               c_w.l(_printf_fp_dec.o)
    0x08000820   0x08000820   0x00000030   Code   RO         3240    .text               c_w.l(_printf_char_common.o)
    0x08000850   0x08000850   0x0000000a   Code   RO         3242    .text               c_w.l(_sputc.o)
    0x0800085a   0x0800085a   0x0000002c   Code   RO         3244    .text               c_w.l(_printf_char.o)
    0x08000886   0x08000886   0x00000002   PAD
    0x08000888   0x08000888   0x00000008   Code   RO         3274    .text               c_w.l(rt_locale_intlibspace.o)
    0x08000890   0x08000890   0x0000008a   Code   RO         3276    .text               c_w.l(lludiv10.o)
    0x0800091a   0x0800091a   0x00000002   PAD
    0x0800091c   0x0800091c   0x00000080   Code   RO         3278    .text               c_w.l(_printf_fp_infnan.o)
    0x0800099c   0x0800099c   0x000000e4   Code   RO         3282    .text               c_w.l(bigflt0.o)
    0x08000a80   0x08000a80   0x00000008   Code   RO         3314    .text               c_w.l(libspace.o)
    0x08000a88   0x08000a88   0x0000004a   Code   RO         3317    .text               c_w.l(sys_stackheap_outer.o)
    0x08000ad2   0x08000ad2   0x00000012   Code   RO         3319    .text               c_w.l(exit.o)
    0x08000ae4   0x08000ae4   0x00000080   Code   RO         3321    .text               c_w.l(strcmpv7m.o)
    0x08000b64   0x08000b64   0x0000000c   Code   RO         3393    .text               c_w.l(sys_exit.o)
    0x08000b70   0x08000b70   0x00000002   Code   RO         3404    .text               c_w.l(use_no_semi.o)
    0x08000b72   0x08000b72   0x00000000   Code   RO         3406    .text               c_w.l(indicate_semi.o)
    0x08000b72   0x08000b72   0x0000003e   Code   RO         3285    CL$$btod_d2e        c_w.l(btod.o)
    0x08000bb0   0x08000bb0   0x00000046   Code   RO         3287    CL$$btod_d2e_denorm_low  c_w.l(btod.o)
    0x08000bf6   0x08000bf6   0x00000060   Code   RO         3286    CL$$btod_d2e_norm_op1  c_w.l(btod.o)
    0x08000c56   0x08000c56   0x00000338   Code   RO         3295    CL$$btod_div_common  c_w.l(btod.o)
    0x08000f8e   0x08000f8e   0x000000dc   Code   RO         3292    CL$$btod_e2e        c_w.l(btod.o)
    0x0800106a   0x0800106a   0x0000002a   Code   RO         3289    CL$$btod_ediv       c_w.l(btod.o)
    0x08001094   0x08001094   0x0000002a   Code   RO         3288    CL$$btod_emul       c_w.l(btod.o)
    0x080010be   0x080010be   0x00000244   Code   RO         3294    CL$$btod_mult_common  c_w.l(btod.o)
    0x08001302   0x08001302   0x00000002   PAD
    0x08001304   0x08001304   0x00000056   Code   RO          546    i.ADC_ConversionStop_Disable  stm32f1xx_hal_adc.o
    0x0800135a   0x0800135a   0x00000002   PAD
    0x0800135c   0x0800135c   0x0000007c   Code   RO          550    i.ADC_Enable        stm32f1xx_hal_adc.o
    0x080013d8   0x080013d8   0x00000002   Code   RO          368    i.BusFault_Handler  stm32f1xx_it.o
    0x080013da   0x080013da   0x00000002   PAD
    0x080013dc   0x080013dc   0x00000044   Code   RO          247    i.DHT11_Check_Response  main.o
    0x08001420   0x08001420   0x0000005c   Code   RO          248    i.DHT11_Read        main.o
    0x0800147c   0x0800147c   0x00000044   Code   RO          249    i.DHT11_Start       main.o
    0x080014c0   0x080014c0   0x00000028   Code   RO           13    i.DWT_Delay         dwt_delay.o
    0x080014e8   0x080014e8   0x00000028   Code   RO           14    i.DWT_Init          dwt_delay.o
    0x08001510   0x08001510   0x00000002   Code   RO          369    i.DebugMon_Handler  stm32f1xx_it.o
    0x08001512   0x08001512   0x00000002   PAD
    0x08001514   0x08001514   0x000000fc   Code   RO          552    i.HAL_ADC_ConfigChannel  stm32f1xx_hal_adc.o
    0x08001610   0x08001610   0x00000006   Code   RO          559    i.HAL_ADC_GetValue  stm32f1xx_hal_adc.o
    0x08001616   0x08001616   0x00000002   PAD
    0x08001618   0x08001618   0x0000011c   Code   RO          561    i.HAL_ADC_Init      stm32f1xx_hal_adc.o
    0x08001734   0x08001734   0x00000058   Code   RO          451    i.HAL_ADC_MspInit   stm32f1xx_hal_msp.o
    0x0800178c   0x0800178c   0x0000013c   Code   RO          565    i.HAL_ADC_PollForConversion  stm32f1xx_hal_adc.o
    0x080018c8   0x080018c8   0x000000c0   Code   RO          567    i.HAL_ADC_Start     stm32f1xx_hal_adc.o
    0x08001988   0x08001988   0x00000034   Code   RO          570    i.HAL_ADC_Stop      stm32f1xx_hal_adc.o
    0x080019bc   0x080019bc   0x00000046   Code   RO         1203    i.HAL_DMA_Abort     stm32f1xx_hal_dma.o
    0x08001a02   0x08001a02   0x00000002   PAD
    0x08001a04   0x08001a04   0x00000098   Code   RO         1204    i.HAL_DMA_Abort_IT  stm32f1xx_hal_dma.o
    0x08001a9c   0x08001a9c   0x00000024   Code   RO          829    i.HAL_Delay         stm32f1xx_hal.o
    0x08001ac0   0x08001ac0   0x000001e0   Code   RO         1139    i.HAL_GPIO_Init     stm32f1xx_hal_gpio.o
    0x08001ca0   0x08001ca0   0x0000000a   Code   RO         1141    i.HAL_GPIO_ReadPin  stm32f1xx_hal_gpio.o
    0x08001caa   0x08001caa   0x00000010   Code   RO         1142    i.HAL_GPIO_TogglePin  stm32f1xx_hal_gpio.o
    0x08001cba   0x08001cba   0x0000000a   Code   RO         1143    i.HAL_GPIO_WritePin  stm32f1xx_hal_gpio.o
    0x08001cc4   0x08001cc4   0x0000000c   Code   RO          833    i.HAL_GetTick       stm32f1xx_hal.o
    0x08001cd0   0x08001cd0   0x00000010   Code   RO          839    i.HAL_IncTick       stm32f1xx_hal.o
    0x08001ce0   0x08001ce0   0x00000024   Code   RO          840    i.HAL_Init          stm32f1xx_hal.o
    0x08001d04   0x08001d04   0x00000040   Code   RO          841    i.HAL_InitTick      stm32f1xx_hal.o
    0x08001d44   0x08001d44   0x0000003c   Code   RO          452    i.HAL_MspInit       stm32f1xx_hal_msp.o
    0x08001d80   0x08001d80   0x0000001a   Code   RO         1299    i.HAL_NVIC_EnableIRQ  stm32f1xx_hal_cortex.o
    0x08001d9a   0x08001d9a   0x00000002   PAD
    0x08001d9c   0x08001d9c   0x00000040   Code   RO         1305    i.HAL_NVIC_SetPriority  stm32f1xx_hal_cortex.o
    0x08001ddc   0x08001ddc   0x00000024   Code   RO         1306    i.HAL_NVIC_SetPriorityGrouping  stm32f1xx_hal_cortex.o
    0x08001e00   0x08001e00   0x000000a4   Code   RO         1100    i.HAL_RCCEx_GetPeriphCLKFreq  stm32f1xx_hal_rcc_ex.o
    0x08001ea4   0x08001ea4   0x000000ec   Code   RO         1101    i.HAL_RCCEx_PeriphCLKConfig  stm32f1xx_hal_rcc_ex.o
    0x08001f90   0x08001f90   0x0000012c   Code   RO          997    i.HAL_RCC_ClockConfig  stm32f1xx_hal_rcc.o
    0x080020bc   0x080020bc   0x00000020   Code   RO         1004    i.HAL_RCC_GetPCLK1Freq  stm32f1xx_hal_rcc.o
    0x080020dc   0x080020dc   0x00000020   Code   RO         1005    i.HAL_RCC_GetPCLK2Freq  stm32f1xx_hal_rcc.o
    0x080020fc   0x080020fc   0x0000004c   Code   RO         1006    i.HAL_RCC_GetSysClockFreq  stm32f1xx_hal_rcc.o
    0x08002148   0x08002148   0x00000320   Code   RO         1009    i.HAL_RCC_OscConfig  stm32f1xx_hal_rcc.o
    0x08002468   0x08002468   0x00000028   Code   RO         1310    i.HAL_SYSTICK_Config  stm32f1xx_hal_cortex.o
    0x08002490   0x08002490   0x00000068   Code   RO         2524    i.HAL_TIMEx_MasterConfigSynchronization  stm32f1xx_hal_tim_ex.o
    0x080024f8   0x080024f8   0x0000005a   Code   RO         1801    i.HAL_TIM_Base_Init  stm32f1xx_hal_tim.o
    0x08002552   0x08002552   0x00000002   PAD
    0x08002554   0x08002554   0x00000028   Code   RO          454    i.HAL_TIM_Base_MspInit  stm32f1xx_hal_msp.o
    0x0800257c   0x0800257c   0x00000050   Code   RO         1804    i.HAL_TIM_Base_Start  stm32f1xx_hal_tim.o
    0x080025cc   0x080025cc   0x000000dc   Code   RO         1810    i.HAL_TIM_ConfigClockSource  stm32f1xx_hal_tim.o
    0x080026a8   0x080026a8   0x00000002   Code   RO         2784    i.HAL_UARTEx_RxEventCallback  stm32f1xx_hal_uart.o
    0x080026aa   0x080026aa   0x00000002   Code   RO         2798    i.HAL_UART_ErrorCallback  stm32f1xx_hal_uart.o
    0x080026ac   0x080026ac   0x0000026c   Code   RO         2801    i.HAL_UART_IRQHandler  stm32f1xx_hal_uart.o
    0x08002918   0x08002918   0x00000064   Code   RO         2802    i.HAL_UART_Init     stm32f1xx_hal_uart.o
    0x0800297c   0x0800297c   0x00000080   Code   RO          456    i.HAL_UART_MspInit  stm32f1xx_hal_msp.o
    0x080029fc   0x080029fc   0x00000002   Code   RO         2808    i.HAL_UART_RxCpltCallback  stm32f1xx_hal_uart.o
    0x080029fe   0x080029fe   0x0000009a   Code   RO         2810    i.HAL_UART_Transmit  stm32f1xx_hal_uart.o
    0x08002a98   0x08002a98   0x00000002   Code   RO         2813    i.HAL_UART_TxCpltCallback  stm32f1xx_hal_uart.o
    0x08002a9a   0x08002a9a   0x00000002   Code   RO          370    i.HardFault_Handler  stm32f1xx_it.o
    0x08002a9c   0x08002a9c   0x00000050   Code   RO          254    i.MX_ADC1_Init      main.o
    0x08002aec   0x08002aec   0x000000e4   Code   RO          255    i.MX_GPIO_Init      main.o
    0x08002bd0   0x08002bd0   0x00000068   Code   RO          256    i.MX_TIM3_Init      main.o
    0x08002c38   0x08002c38   0x00000002   Code   RO          371    i.MemManage_Handler  stm32f1xx_it.o
    0x08002c3a   0x08002c3a   0x00000002   Code   RO          372    i.NMI_Handler       stm32f1xx_it.o
    0x08002c3c   0x08002c3c   0x00000002   Code   RO          373    i.PendSV_Handler    stm32f1xx_it.o
    0x08002c3e   0x08002c3e   0x0000001e   Code   RO          203    i.SIM808_SendATCommand  sim808.o
    0x08002c5c   0x08002c5c   0x0000007c   Code   RO          204    i.SIM808_SendSMS    sim808.o
    0x08002cd8   0x08002cd8   0x00000002   Code   RO          374    i.SVC_Handler       stm32f1xx_it.o
    0x08002cda   0x08002cda   0x00000016   Code   RO          257    i.Set_Pin_Input     main.o
    0x08002cf0   0x08002cf0   0x00000018   Code   RO          258    i.Set_Pin_Output    main.o
    0x08002d08   0x08002d08   0x00000004   Code   RO          375    i.SysTick_Handler   stm32f1xx_it.o
    0x08002d0c   0x08002d0c   0x00000078   Code   RO          259    i.SystemClock_Config  main.o
    0x08002d84   0x08002d84   0x00000002   Code   RO         3136    i.SystemInit        system_stm32f1xx.o
    0x08002d86   0x08002d86   0x00000002   PAD
    0x08002d88   0x08002d88   0x0000006c   Code   RO         1894    i.TIM_Base_SetConfig  stm32f1xx_hal_tim.o
    0x08002df4   0x08002df4   0x00000014   Code   RO         1905    i.TIM_ETR_SetConfig  stm32f1xx_hal_tim.o
    0x08002e08   0x08002e08   0x00000010   Code   RO         1906    i.TIM_ITRx_SetConfig  stm32f1xx_hal_tim.o
    0x08002e18   0x08002e18   0x00000022   Code   RO         1912    i.TIM_TI1_ConfigInputStage  stm32f1xx_hal_tim.o
    0x08002e3a   0x08002e3a   0x00000024   Code   RO         1914    i.TIM_TI2_ConfigInputStage  stm32f1xx_hal_tim.o
    0x08002e5e   0x08002e5e   0x00000010   Code   RO         2815    i.UART_DMAAbortOnError  stm32f1xx_hal_uart.o
    0x08002e6e   0x08002e6e   0x0000004e   Code   RO         2825    i.UART_EndRxTransfer  stm32f1xx_hal_uart.o
    0x08002ebc   0x08002ebc   0x000000c2   Code   RO         2827    i.UART_Receive_IT   stm32f1xx_hal_uart.o
    0x08002f7e   0x08002f7e   0x00000002   PAD
    0x08002f80   0x08002f80   0x000000b8   Code   RO         2828    i.UART_SetConfig    stm32f1xx_hal_uart.o
    0x08003038   0x08003038   0x00000078   Code   RO         2831    i.UART_WaitOnFlagUntilTimeout  stm32f1xx_hal_uart.o
    0x080030b0   0x080030b0   0x0000000c   Code   RO          376    i.USART1_IRQHandler  stm32f1xx_it.o
    0x080030bc   0x080030bc   0x00000002   Code   RO          377    i.UsageFault_Handler  stm32f1xx_it.o
    0x080030be   0x080030be   0x00000028   Code   RO         3312    i.__ARM_fpclassify  m_ws.l(fpclassify.o)
    0x080030e6   0x080030e6   0x00000020   Code   RO         1312    i.__NVIC_SetPriority  stm32f1xx_hal_cortex.o
    0x08003106   0x08003106   0x00000002   PAD
    0x08003108   0x08003108   0x00000024   Code   RO          260    i.__NVIC_SystemReset  main.o
    0x0800312c   0x0800312c   0x0000000e   Code   RO         3192    i._is_digit         c_w.l(__printf_wp.o)
    0x0800313a   0x0800313a   0x00000002   PAD
    0x0800313c   0x0800313c   0x00000040   Code   RO          261    i.beep              main.o
    0x0800317c   0x0800317c   0x00000018   Code   RO          262    i.delay             main.o
    0x08003194   0x08003194   0x00000012   Code   RO          137    i.lcd_clear         lcd1602.o
    0x080031a6   0x080031a6   0x00000078   Code   RO          138    i.lcd_init          lcd1602.o
    0x0800321e   0x0800321e   0x00000018   Code   RO          139    i.lcd_put_cur       lcd1602.o
    0x08003236   0x08003236   0x0000001a   Code   RO          140    i.lcd_send_cmd      lcd1602.o
    0x08003250   0x08003250   0x0000001a   Code   RO          141    i.lcd_send_data     lcd1602.o
    0x0800326a   0x0800326a   0x00000014   Code   RO          142    i.lcd_send_string   lcd1602.o
    0x0800327e   0x0800327e   0x00000002   PAD
    0x08003280   0x08003280   0x00000390   Code   RO          263    i.main              main.o
    0x08003610   0x08003610   0x0000006c   Code   RO          143    i.send_to_lcd       lcd1602.o
    0x0800367c   0x0800367c   0x0000002c   Code   RO         3308    locale$$code        c_w.l(lc_numeric_c.o)
    0x080036a8   0x080036a8   0x00000062   Code   RO         3213    x$fpl$d2f           fz_ws.l(d2f.o)
    0x0800370a   0x0800370a   0x00000002   PAD
    0x0800370c   0x0800370c   0x000002b0   Code   RO         3216    x$fpl$ddiv          fz_ws.l(ddiv.o)
    0x080039bc   0x080039bc   0x00000026   Code   RO         3219    x$fpl$dfltu         fz_ws.l(dflt_clz.o)
    0x080039e2   0x080039e2   0x00000002   PAD
    0x080039e4   0x080039e4   0x00000154   Code   RO         3225    x$fpl$dmul          fz_ws.l(dmul.o)
    0x08003b38   0x08003b38   0x0000009c   Code   RO         3247    x$fpl$dnaninf       fz_ws.l(dnaninf.o)
    0x08003bd4   0x08003bd4   0x0000000c   Code   RO         3249    x$fpl$dretinf       fz_ws.l(dretinf.o)
    0x08003be0   0x08003be0   0x00000056   Code   RO         3227    x$fpl$f2d           fz_ws.l(f2d.o)
    0x08003c36   0x08003c36   0x00000002   PAD
    0x08003c38   0x08003c38   0x00000026   Code   RO         3229    x$fpl$ffltu         fz_ws.l(fflt_clz.o)
    0x08003c5e   0x08003c5e   0x0000008c   Code   RO         3251    x$fpl$fnaninf       fz_ws.l(fnaninf.o)
    0x08003cea   0x08003cea   0x0000000a   Code   RO         3253    x$fpl$fretinf       fz_ws.l(fretinf.o)
    0x08003cf4   0x08003cf4   0x00000004   Code   RO         3235    x$fpl$printf1       fz_ws.l(printf1.o)
    0x08003cf8   0x08003cf8   0x00000000   Code   RO         3255    x$fpl$usenofp       fz_ws.l(usenofp.o)
    0x08003cf8   0x08003cf8   0x00000012   Data   RO         1010    .constdata          stm32f1xx_hal_rcc.o
    0x08003d0a   0x08003d0a   0x00000012   Data   RO         1102    .constdata          stm32f1xx_hal_rcc_ex.o
    0x08003d1c   0x08003d1c   0x00000010   Data   RO         3137    .constdata          system_stm32f1xx.o
    0x08003d2c   0x08003d2c   0x00000008   Data   RO         3138    .constdata          system_stm32f1xx.o
    0x08003d34   0x08003d34   0x00000094   Data   RO         3283    .constdata          c_w.l(bigflt0.o)
    0x08003dc8   0x08003dc8   0x00000020   Data   RO         3453    Region$$Table       anon$$obj.o
    0x08003de8   0x08003de8   0x0000001c   Data   RO         3307    locale$$data        c_w.l(lc_numeric_c.o)


    Execution Region RW_IRAM1 (Exec base: 0x20000000, Load base: 0x08003e04, Size: 0x00000768, Max: 0x00005000, ABSOLUTE)

    Exec Addr    Load Addr    Size         Type   Attr      Idx    E Section Name        Object

    0x20000000   0x08003e04   0x00000018   Data   RW          265    .data               main.o
    0x20000018   0x08003e1c   0x0000000c   Data   RW          847    .data               stm32f1xx_hal.o
    0x20000024   0x08003e28   0x00000004   Data   RW         3139    .data               system_stm32f1xx.o
    0x20000028        -       0x000000de   Zero   RW          264    .bss                main.o
    0x20000106   0x08003e2c   0x00000002   PAD
    0x20000108        -       0x00000060   Zero   RW         3315    .bss                c_w.l(libspace.o)
    0x20000168        -       0x00000200   Zero   RW            2    HEAP                startup_stm32f103xb.o
    0x20000368        -       0x00000400   Zero   RW            1    STACK               startup_stm32f103xb.o


==============================================================================

Image component sizes


      Code (inc. data)   RO Data    RW Data    ZI Data      Debug   Object Name

        80         20          0          0          0     441683   dwt_delay.o
       342          6          0          0          0       4162   lcd1602.o
      1842        208          0         24        222      34651   main.o
       154         34          0          0          0       1681   sim808.o
        64         26        236          0       1536        824   startup_stm32f103xb.o
       164         28          0         12          0       6017   stm32f1xx_hal.o
      1312         54          0          0          0       7355   stm32f1xx_hal_adc.o
       198         14          0          0          0      29019   stm32f1xx_hal_cortex.o
       222          4          0          0          0       1811   stm32f1xx_hal_dma.o
       516         34          0          0          0       4192   stm32f1xx_hal_gpio.o
       316         42          0          0          0       2882   stm32f1xx_hal_msp.o
      1240         84         18          0          0       5196   stm32f1xx_hal_rcc.o
       400         28         18          0          0       2513   stm32f1xx_hal_rcc_ex.o
       604         28          0          0          0       6844   stm32f1xx_hal_tim.o
       104         12          0          0          0       1384   stm32f1xx_hal_tim_ex.o
      1474         10          0          0          0      10200   stm32f1xx_hal_uart.o
        32          6          0          0          0       4446   stm32f1xx_it.o
         2          0         24          4          0       1155   system_stm32f1xx.o

    ----------------------------------------------------------------------
      9088        638        328         40       1760     566015   Object Totals
         0          0         32          0          0          0   (incl. Generated)
        22          0          0          0          2          0   (incl. Padding)

    ----------------------------------------------------------------------

      Code (inc. data)   RO Data    RW Data    ZI Data      Debug   Library Member Name

         8          0          0          0          0         68   __main.o
       284          0          0          0          0        156   __printf_wp.o
         0          0          0          0          0          0   __rtentry.o
        12          0          0          0          0          0   __rtentry2.o
         6          0          0          0          0          0   __rtentry4.o
        52          8          0          0          0          0   __scatter.o
        26          0          0          0          0          0   __scatter_copy.o
        28          0          0          0          0          0   __scatter_zi.o
        44          0          0          0          0        108   _printf_char.o
        48          6          0          0          0         96   _printf_char_common.o
         6          0          0          0          0          0   _printf_f.o
      1054          0          0          0          0        216   _printf_fp_dec.o
       128         16          0          0          0         84   _printf_fp_infnan.o
         0          0          0          0          0          0   _printf_percent.o
         4          0          0          0          0          0   _printf_percent_end.o
         6          0          0          0          0          0   _printf_s.o
        82          0          0          0          0         80   _printf_str.o
        10          0          0          0          0         68   _sputc.o
       228          4        148          0          0         96   bigflt0.o
      1936        128          0          0          0        672   btod.o
        18          0          0          0          0         80   exit.o
         6          0          0          0          0        152   heapauxi.o
         0          0          0          0          0          0   indicate_semi.o
        44         10         28          0          0         76   lc_numeric_c.o
         2          0          0          0          0          0   libinit.o
        18          0          0          0          0          0   libinit2.o
         2          0          0          0          0          0   libshutdown.o
         2          0          0          0          0          0   libshutdown2.o
         8          4          0          0         96         68   libspace.o
       138          0          0          0          0         80   lludiv10.o
        40          6          0          0          0         84   noretval__2sprintf.o
         8          4          0          0          0         68   rt_locale_intlibspace.o
        78          0          0          0          0         80   rt_memclr_w.o
         2          0          0          0          0          0   rtexit.o
        10          0          0          0          0          0   rtexit2.o
       128          0          0          0          0         68   strcmpv7m.o
        62          0          0          0          0         76   strlen.o
        12          4          0          0          0         68   sys_exit.o
        74          0          0          0          0         80   sys_stackheap_outer.o
         2          0          0          0          0         68   use_no_semi.o
        98          4          0          0          0         92   d2f.o
       688        140          0          0          0        208   ddiv.o
        38          0          0          0          0         68   dflt_clz.o
       340         12          0          0          0        104   dmul.o
       156          4          0          0          0         92   dnaninf.o
        12          0          0          0          0         68   dretinf.o
        86          4          0          0          0         84   f2d.o
        38          0          0          0          0         68   fflt_clz.o
       140          4          0          0          0         84   fnaninf.o
        10          0          0          0          0         68   fretinf.o
         4          0          0          0          0         68   printf1.o
         0          0          0          0          0          0   usenofp.o
        40          0          0          0          0         68   fpclassify.o

    ----------------------------------------------------------------------
      6284        358        176          0         96       3764   Library Totals
        18          0          0          0          0          0   (incl. Padding)

    ----------------------------------------------------------------------

      Code (inc. data)   RO Data    RW Data    ZI Data      Debug   Library Name

      4616        190        176          0         96       2692   c_w.l
      1610        168          0          0          0       1004   fz_ws.l
        40          0          0          0          0         68   m_ws.l

    ----------------------------------------------------------------------
      6284        358        176          0         96       3764   Library Totals

    ----------------------------------------------------------------------

==============================================================================


      Code (inc. data)   RO Data    RW Data    ZI Data      Debug   

     15372        996        504         40       1856     563275   Grand Totals
     15372        996        504         40       1856     563275   ELF Image Totals
     15372        996        504         40          0          0   ROM Totals

==============================================================================

    Total RO  Size (Code + RO Data)                15876 (  15.50kB)
    Total RW  Size (RW Data + ZI Data)              1896 (   1.85kB)
    Total ROM Size (Code + RO Data + RW Data)      15916 (  15.54kB)

==============================================================================

