<html>
<body>
<pre>
<h1>µVision Build Log</h1>
<h2>Tool Versions:</h2>
IDE-Version: ÂµVision V5.30.0.0
Copyright (C) 2020 ARM Ltd and ARM Germany GmbH. All rights reserved.
License Information: NQH NQH, NQH, LIC=JL28G-VNCBD-01TP1-CANLQ-8UHX6-H44QK
 
Tool Versions:
Toolchain:       MDK-ARM Plus  Version: 5.30.0.0
Toolchain Path:  C:\Keil_v5\ARM\ARMCC\Bin
C Compiler:      Armcc.exe V5.06 update 6 (build 750)
Assembler:       Armasm.exe V5.06 update 6 (build 750)
Linker/Locator:  ArmLink.exe V5.06 update 6 (build 750)
Library Manager: ArmAr.exe V5.06 update 6 (build 750)
Hex Converter:   FromElf.exe V5.06 update 6 (build 750)
CPU DLL:         SARMCM3.DLL V5.30.0.0
Dialog DLL:      DCM.DLL V1.17.3.0
Target DLL:      STLink\ST-LINKIII-KEIL_SWO.dll V3.0.7.0
Dialog DLL:      TCM.DLL V1.42.0.0
 
<h2>Project:</h2>
D:\Project_DoAn\DO_AN_2024\SMHOME_STM32_SIM\code\SmHome_STM32_SIM\MDK-ARM\SmHome_STM32_SIM.uvprojx
Project File Date:  05/09/2024

<h2>Output:</h2>
*** Using Compiler 'V5.06 update 6 (build 750)', folder: 'C:\Keil_v5\ARM\ARMCC\Bin'
Build target 'SmHome_STM32_SIM'
compiling main.c...
../Core/Src/main.c(81): warning:  #1294-D: Old-style function beep
  void beep(cnt)
../Core/Src/main.c(81): warning:  #1079-D: standard requires that parameter "cnt"  be given a type by a subsequent declaration ("int" assumed)
  void beep(cnt)
../Core/Src/main.c(85): warning:  #188-D: enumerated type mixed with another type
  		HAL_GPIO_WritePin(Buzz_GPIO_Port,Buzz_Pin,1);
../Core/Src/main.c(87): warning:  #188-D: enumerated type mixed with another type
  		HAL_GPIO_WritePin(Buzz_GPIO_Port,Buzz_Pin,0);
../Core/Src/main.c(127): warning:  #188-D: enumerated type mixed with another type
  	HAL_GPIO_WritePin (DHT11_PORT, DHT11_PIN, 0);   // pull the pin low
../Core/Src/main.c(129): warning:  #188-D: enumerated type mixed with another type
      HAL_GPIO_WritePin (DHT11_PORT, DHT11_PIN, 1);   // pull the pin high
../Core/Src/main.c(142): warning:  #68-D: integer conversion resulted in a change of sign
  		else Response = -1; // 255
../Core/Src/main.c(174): warning:  #188-D: enumerated type mixed with another type
  	HAL_GPIO_WritePin (DHT22_PORT, DHT22_PIN, 0);   // pull the pin low
../Core/Src/main.c(177): warning:  #188-D: enumerated type mixed with another type
  	HAL_GPIO_WritePin (DHT22_PORT, DHT22_PIN, 1);   // pull the pin high
../Core/Src/main.c(193): warning:  #68-D: integer conversion resulted in a change of sign
  		else Response = -1;
../Core/Src/main.c(313): warning:  #188-D: enumerated type mixed with another type
  			HAL_GPIO_WritePin(Buzz_GPIO_Port,Buzz_Pin,1);
../Core/Src/main.c(314): warning:  #188-D: enumerated type mixed with another type
  			HAL_GPIO_WritePin(Lamp_GPIO_Port,Lamp_Pin,1);
../Core/Src/main.c(315): warning:  #188-D: enumerated type mixed with another type
  			HAL_GPIO_WritePin(Fan_GPIO_Port,Fan_Pin,1);
../Core/Src/main.c(346): warning:  #188-D: enumerated type mixed with another type
  			HAL_GPIO_WritePin(Buzz_GPIO_Port,Buzz_Pin,0);
../Core/Src/main.c(347): warning:  #188-D: enumerated type mixed with another type
  			HAL_GPIO_WritePin(Lamp_GPIO_Port,Lamp_Pin,0);
../Core/Src/main.c(348): warning:  #188-D: enumerated type mixed with another type
  			HAL_GPIO_WritePin(Fan_GPIO_Port,Fan_Pin,0);
../Core/Src/main.c: 16 warnings, 0 errors
linking...
Program Size: Code=15372 RO-data=504 RW-data=40 ZI-data=1856  
FromELF: creating hex file...
"SmHome_STM32_SIM\SmHome_STM32_SIM.axf" - 0 Error(s), 16 Warning(s).

<h2>Software Packages used:</h2>

Package Vendor: ARM
                http://www.keil.com/pack/ARM.CMSIS.5.7.0.pack
                ARM.CMSIS.5.7.0
                CMSIS (Cortex Microcontroller Software Interface Standard)
   * Component: CORE Version: 5.4.0

Package Vendor: Keil
                https://www.keil.com/pack/Keil.STM32F1xx_DFP.2.4.1.pack
                Keil.STM32F1xx_DFP.2.4.1
                STMicroelectronics STM32F1 Series Device Support, Drivers and Examples

<h2>Collection of Component include folders:</h2>
  .\RTE\_SmHome_STM32_SIM
  C:\Users\NQH\AppData\Local\Arm\Packs\ARM\CMSIS\5.7.0\CMSIS\Core\Include
  C:\Users\NQH\AppData\Local\Arm\Packs\Keil\STM32F1xx_DFP\2.4.1\Device\Include

<h2>Collection of Component Files used:</h2>

   * Component: ARM::CMSIS:CORE:5.4.0
      Include file:  CMSIS\Core\Include\tz_context.h
Build Time Elapsed:  00:00:05
</pre>
</body>
</html>
